2026-10-07T21:01:44.7938590Z Current runner version: '2.337.0'
2026-10-07T21:01:44.7955277Z ##[group]Runner Image Provisioner
2026-10-07T21:01:44.7955839Z Hosted Compute Agent
2026-10-07T21:01:44.7956224Z Version: 20261002.596
2026-10-07T21:01:44.7956668Z Commit: c3d12f3313a95f25162a1503be624f3b0617f8c0
2026-10-07T21:01:44.7957094Z Build Date: 2026-10-02T22:28:27Z
2026-10-07T21:01:44.7957494Z Worker ID: {2f8e7080-6250-4ef6-9cc3-84e29535cbdc}
2026-10-07T21:01:44.7957990Z Region: centralus
2026-10-07T21:01:44.7958357Z Cloud: Azure
2026-10-07T21:01:44.7958715Z ##[endgroup]
2026-10-07T21:01:44.7959510Z ##[group]Operating System
2026-10-07T21:01:44.7959861Z Ubuntu
2026-10-07T21:01:44.7960222Z 24.04.5
2026-10-07T21:01:44.7960566Z LTS
2026-10-07T21:01:44.7960901Z ##[endgroup]
2026-10-07T21:01:44.7961243Z ##[group]Runner Image
2026-10-07T21:01:44.7961599Z Image: ubuntu-24.04
2026-10-07T21:01:44.7961999Z Version: 20261004.327.1
2026-10-07T21:01:44.7963016Z Included Software: https://github.com/actions/runner-images/blob/ubuntu24/20261004.327/images/ubuntu/Ubuntu2404-Readme.md
2026-10-07T21:01:44.7963930Z Image Release: https://github.com/actions/runner-images/releases/tag/ubuntu24%2F20261004.327
2026-10-07T21:01:44.7964483Z ##[endgroup]
2026-10-07T21:01:44.7965183Z ##[group]GITHUB_TOKEN Permissions
2026-10-07T21:01:44.7966586Z Contents: read
2026-10-07T21:01:44.7967204Z Metadata: read
2026-10-07T21:01:44.7967542Z ##[endgroup]
2026-10-07T21:01:44.7968824Z Secret source: Actions
2026-10-07T21:01:44.7969415Z Cache mode: write
2026-10-07T21:01:44.7969834Z Prepare workflow directory
2026-10-07T21:01:44.8180249Z Prepare all required actions
2026-10-07T21:01:44.8210205Z Getting action download info
2026-10-07T21:01:45.0543029Z Download action repository 'actions/checkout@v4' (SHA:11d5960a326750d5838078e36cf38b85af677262)
2026-10-07T21:01:45.1200846Z Download action repository 'pnpm/action-setup@v4' (SHA:b906affcce14559ad1aafd4ab0e942779e9f58b1)
2026-10-07T21:01:45.6127742Z Download action repository 'actions/setup-node@v4' (SHA:49933ea5288caeca8642d1e84afbd3f7d6820020)
2026-10-07T21:01:45.7667584Z Complete job name: performance
2026-10-07T21:01:45.8125461Z ##[group]Run actions/checkout@v4
2026-10-07T21:01:45.8125897Z with:
2026-10-07T21:01:45.8126159Z   repository: eddolo/fountainjs
2026-10-07T21:01:45.8128382Z   token: ***
2026-10-07T21:01:45.8128666Z   ssh-strict: true
2026-10-07T21:01:45.8128918Z   ssh-user: git
2026-10-07T21:01:45.8129174Z   persist-credentials: true
2026-10-07T21:01:45.8129453Z   clean: true
2026-10-07T21:01:45.8129712Z   sparse-checkout-cone-mode: true
2026-10-07T21:01:45.8130007Z   fetch-depth: 1
2026-10-07T21:01:45.8130254Z   fetch-tags: false
2026-10-07T21:01:45.8130507Z   show-progress: true
2026-10-07T21:01:45.8130769Z   lfs: false
2026-10-07T21:01:45.8131011Z   submodules: false
2026-10-07T21:01:45.8131265Z   set-safe-directory: true
2026-10-07T21:01:45.8131558Z   allow-unsafe-pr-checkout: false
2026-10-07T21:01:45.8131920Z ##[endgroup]
2026-10-07T21:01:45.8740997Z Syncing repository: eddolo/fountainjs
2026-10-07T21:01:45.8742060Z ##[group]Getting Git version info
2026-10-07T21:01:45.8742691Z Working directory is '/home/runner/work/fountainjs/fountainjs'
2026-10-07T21:01:45.8743312Z [command]/usr/bin/git version
2026-10-07T21:01:45.8794181Z git version 2.55.0
2026-10-07T21:01:45.8804948Z ##[endgroup]
2026-10-07T21:01:45.8812916Z Temporarily overriding HOME='/home/runner/work/_temp/6deb0f85-f75b-438c-b414-e52597073f26' before making global git config changes
2026-10-07T21:01:45.8815768Z Adding repository directory to the temporary git global config as a safe directory
2026-10-07T21:01:45.8816858Z [command]/usr/bin/git config --global --add safe.directory /home/runner/work/fountainjs/fountainjs
2026-10-07T21:01:45.8855021Z Deleting the contents of '/home/runner/work/fountainjs/fountainjs'
2026-10-07T21:01:45.8857425Z ##[group]Initializing the repository
2026-10-07T21:01:45.8859572Z [command]/usr/bin/git init /home/runner/work/fountainjs/fountainjs
2026-10-07T21:01:45.8954588Z hint: Using 'master' as the name for the initial branch. This default branch name
2026-10-07T21:01:45.8955560Z hint: will change to "main" in Git 3.0. To configure the initial branch name
2026-10-07T21:01:45.8956424Z hint: to use in all of your new repositories, which will suppress this warning,
2026-10-07T21:01:45.8957091Z hint: call:
2026-10-07T21:01:45.8957591Z hint:
2026-10-07T21:01:45.8958101Z hint: 	git config --global init.defaultBranch <name>
2026-10-07T21:01:45.8958617Z hint:
2026-10-07T21:01:45.8958948Z hint: Names commonly chosen instead of 'master' are 'main', 'trunk' and
2026-10-07T21:01:45.8959469Z hint: 'development'. The just-created branch can be renamed via this command:
2026-10-07T21:01:45.8959882Z hint:
2026-10-07T21:01:45.8960121Z hint: 	git branch -m <name>
2026-10-07T21:01:45.8960389Z hint:
2026-10-07T21:01:45.8960803Z hint: Disable this message with "git config set advice.defaultBranchName false"
2026-10-07T21:01:45.8961702Z Initialized empty Git repository in /home/runner/work/fountainjs/fountainjs/.git/
2026-10-07T21:01:45.8963873Z [command]/usr/bin/git remote add origin https://github.com/eddolo/fountainjs
2026-10-07T21:01:45.9043424Z ##[endgroup]
2026-10-07T21:01:45.9043877Z ##[group]Disabling automatic garbage collection
2026-10-07T21:01:45.9045537Z [command]/usr/bin/git config --local gc.auto 0
2026-10-07T21:01:45.9067579Z ##[endgroup]
2026-10-07T21:01:45.9067992Z ##[group]Setting up auth
2026-10-07T21:01:45.9071350Z [command]/usr/bin/git config --local --name-only --get-regexp core\.sshCommand
2026-10-07T21:01:45.9093511Z [command]/usr/bin/git submodule foreach --recursive sh -c "git config --local --name-only --get-regexp 'core\.sshCommand' && git config --local --unset-all 'core.sshCommand' || :"
2026-10-07T21:01:45.9363905Z [command]/usr/bin/git config --local --name-only --get-regexp http\.https\:\/\/github\.com\/\.extraheader
2026-10-07T21:01:45.9386296Z [command]/usr/bin/git submodule foreach --recursive sh -c "git config --local --name-only --get-regexp 'http\.https\:\/\/github\.com\/\.extraheader' && git config --local --unset-all 'http.https://github.com/.extraheader' || :"
2026-10-07T21:01:45.9545998Z [command]/usr/bin/git config --local --name-only --get-regexp ^includeIf\.gitdir:
2026-10-07T21:01:45.9567208Z [command]/usr/bin/git submodule foreach --recursive git config --local --show-origin --name-only --get-regexp remote.origin.url
2026-10-07T21:01:45.9723604Z [command]/usr/bin/git config --local http.https://github.com/.extraheader AUTHORIZATION: basic ***
2026-10-07T21:01:45.9750152Z ##[endgroup]
2026-10-07T21:01:45.9750748Z ##[group]Fetching the repository
2026-10-07T21:01:45.9755658Z [command]/usr/bin/git -c protocol.version=2 fetch --no-tags --prune --no-recurse-submodules --depth=1 origin +cdb98b7872db07259a2c12aba59db7987cf91797:refs/remotes/origin/master
2026-10-07T21:01:47.7869790Z From https://github.com/eddolo/fountainjs
2026-10-07T21:01:47.7870384Z  * [new ref]         cdb98b7872db07259a2c12aba59db7987cf91797 -> origin/master
2026-10-07T21:01:47.7873384Z ##[endgroup]
2026-10-07T21:01:47.7873804Z ##[group]Determining the checkout info
2026-10-07T21:01:47.7875468Z ##[endgroup]
2026-10-07T21:01:47.7880315Z [command]/usr/bin/git sparse-checkout disable
2026-10-07T21:01:47.7921866Z [command]/usr/bin/git config --local --unset-all extensions.worktreeConfig
2026-10-07T21:01:47.7943508Z ##[group]Checking out the ref
2026-10-07T21:01:47.7945991Z [command]/usr/bin/git checkout --progress --force -B master refs/remotes/origin/master
2026-10-07T21:01:48.0615914Z Reset branch 'master'
2026-10-07T21:01:48.0620415Z branch 'master' set up to track 'origin/master'.
2026-10-07T21:01:48.0633515Z ##[endgroup]
2026-10-07T21:01:48.0676708Z [command]/usr/bin/git log -1 --format=%H
2026-10-07T21:01:48.0687438Z cdb98b7872db07259a2c12aba59db7987cf91797
2026-10-07T21:01:48.0854060Z ##[group]Run pnpm/action-setup@v4
2026-10-07T21:01:48.0854221Z with:
2026-10-07T21:01:48.0854330Z   version: 11.19.0
2026-10-07T21:01:48.0854444Z   dest: ~/setup-pnpm
2026-10-07T21:01:48.0854563Z   run_install: null
2026-10-07T21:01:48.0854678Z   cache: false
2026-10-07T21:01:48.0854969Z   cache_dependency_path: pnpm-lock.yaml
2026-10-07T21:01:48.0855139Z   package_json_file: package.json
2026-10-07T21:01:48.0855272Z   standalone: false
2026-10-07T21:01:48.0855389Z ##[endgroup]
2026-10-07T21:01:48.1695841Z ##[group]Running self-installer...
2026-10-07T21:01:48.3924146Z (node:2090) [DEP0169] DeprecationWarning: `url.parse()` behavior is not standardized and prone to errors that have security implications. Use the WHATWG URL API instead. CVEs are not issued for `url.parse()` vulnerabilities.
2026-10-07T21:01:48.3925098Z (Use `node --trace-deprecation ...` to show where the warning was created)
2026-10-07T21:01:48.6101673Z Progress: resolved 1, reused 0, downloaded 0, added 0
2026-10-07T21:01:48.6149984Z Packages: +1
2026-10-07T21:01:48.6150539Z +
2026-10-07T21:01:48.9924006Z Progress: resolved 1, reused 0, downloaded 1, added 1, done
2026-10-07T21:01:49.0269775Z 
2026-10-07T21:01:49.0270115Z dependencies:
2026-10-07T21:01:49.0270356Z + pnpm 11.19.0 (12.10.1 is available)
2026-10-07T21:01:49.0270564Z 
2026-10-07T21:01:49.0285814Z Done in 759ms
2026-10-07T21:01:49.1896974Z ##[endgroup]
2026-10-07T21:01:49.1897399Z Installation Completed!
2026-10-07T21:01:49.2038413Z ##[group]Run actions/setup-node@v4
2026-10-07T21:01:49.2038565Z with:
2026-10-07T21:01:49.2038678Z   node-version: 24
2026-10-07T21:01:49.2038790Z   cache: pnpm
2026-10-07T21:01:49.2038899Z   always-auth: false
2026-10-07T21:01:49.2039016Z   check-latest: false
2026-10-07T21:01:49.2040412Z   token: ***
2026-10-07T21:01:49.2040522Z env:
2026-10-07T21:01:49.2040663Z   PNPM_HOME: /home/runner/setup-pnpm/node_modules/.bin
2026-10-07T21:01:49.2040837Z ##[endgroup]
2026-10-07T21:01:49.2887911Z Found in cache @ /opt/hostedtoolcache/node/24.21.0/x64
2026-10-07T21:01:49.2890888Z (node:2105) [DEP0040] DeprecationWarning: The `punycode` module is deprecated. Please use a userland alternative instead.
2026-10-07T21:01:49.2891399Z (Use `node --trace-deprecation ...` to show where the warning was created)
2026-10-07T21:01:49.2892301Z ##[group]Environment details
2026-10-07T21:01:49.6113756Z node: v24.21.0
2026-10-07T21:01:49.6114062Z npm: 11.19.0
2026-10-07T21:01:49.6114259Z yarn: 1.22.22
2026-10-07T21:01:49.6114900Z ##[endgroup]
2026-10-07T21:01:49.6123108Z [command]/home/runner/setup-pnpm/node_modules/.bin/pnpm store path --silent
2026-10-07T21:01:49.9767547Z /home/runner/setup-pnpm/node_modules/.bin/store/v11
2026-10-07T21:01:50.1269711Z Cache hit for: node-cache-Linux-x64-pnpm-fd849381c36c47c9fa715e7759caf3b24b3c25e63e57449d26448df099a8c870
2026-10-07T21:01:50.1334041Z (node:2105) [DEP0169] DeprecationWarning: `url.parse()` behavior is not standardized and prone to errors that have security implications. Use the WHATWG URL API instead. CVEs are not issued for `url.parse()` vulnerabilities.
2026-10-07T21:01:51.3143771Z Received 113246208 of 143139869 (79.1%), 107.9 MBs/sec
2026-10-07T21:01:51.6213990Z Received 143139869 of 143139869 (100.0%), 104.4 MBs/sec
2026-10-07T21:01:51.6231649Z Cache Size: ~137 MB (143139869 B)
2026-10-07T21:01:51.6269613Z [command]/usr/bin/tar -xf /home/runner/work/_temp/6cc9cd0a-29ee-4b79-8c89-b0d36120c3d1/cache.tzst -P -C /home/runner/work/fountainjs/fountainjs --use-compress-program unzstd
2026-10-07T21:01:52.8632048Z Cache restored successfully
2026-10-07T21:01:52.8695257Z Cache restored from key: node-cache-Linux-x64-pnpm-fd849381c36c47c9fa715e7759caf3b24b3c25e63e57449d26448df099a8c870
2026-10-07T21:01:52.9045919Z ##[group]Run pnpm install --frozen-lockfile
2026-10-07T21:01:52.9046261Z [36;1mpnpm install --frozen-lockfile[0m
2026-10-07T21:01:52.9665503Z shell: /usr/bin/bash -e {0}
2026-10-07T21:01:52.9665661Z env:
2026-10-07T21:01:52.9665806Z   PNPM_HOME: /home/runner/setup-pnpm/node_modules/.bin
2026-10-07T21:01:52.9665985Z ##[endgroup]
2026-10-07T21:01:53.2289890Z Scope: all 3 workspace projects
2026-10-07T21:01:53.2678989Z ? Verifying lockfile against supply-chain policies (340 entries)...
2026-10-07T21:01:53.2723384Z Lockfile is up to date, resolution step is skipped
2026-10-07T21:01:53.3336531Z Progress: resolved 1, reused 0, downloaded 0, added 0
2026-10-07T21:01:53.3719630Z Packages: +281
2026-10-07T21:01:53.3720347Z ++++++++++++++++++++++++++++++++++++++++++++++++++++++++++++++++++++++++++++++++
2026-10-07T21:01:53.7666876Z Packages are hard linked from the content-addressable store to the virtual store.
2026-10-07T21:01:53.7667802Z   Content-addressable store is at: /home/runner/setup-pnpm/node_modules/.bin/store/v11
2026-10-07T21:01:53.7668567Z   Virtual store is at:             node_modules/.pnpm
2026-10-07T21:01:54.3039704Z Progress: resolved 281, reused 281, downloaded 0, added 281, done
2026-10-07T21:01:56.3110036Z ✓ Lockfile passes supply-chain policies (340 entries in 3s)
2026-10-07T21:01:56.4176299Z 
2026-10-07T21:01:56.4176923Z devDependencies:
2026-10-07T21:01:56.4177237Z + @angular/common 22.1.5
2026-10-07T21:01:56.4177459Z + @angular/compiler 22.1.5
2026-10-07T21:01:56.4177675Z + @angular/core 22.1.5
2026-10-07T21:01:56.4177933Z + @angular/platform-browser 22.1.5
2026-10-07T21:01:56.4178199Z + @angular/platform-server 22.1.5
2026-10-07T21:01:56.4178501Z + @mathjax/mathjax-tex-font 4.1.3
2026-10-07T21:01:56.4178742Z + @mathjax/src 4.1.3
2026-10-07T21:01:56.4178936Z + @playwright/test 1.62.1
2026-10-07T21:01:56.4179178Z + @sveltejs/vite-plugin-svelte 7.3.0
2026-10-07T21:01:56.4179410Z + @types/node 26.4.1
2026-10-07T21:01:56.4179623Z + @types/react 19.2.18
2026-10-07T21:01:56.4179840Z + @types/react-dom 19.2.7
2026-10-07T21:01:56.4180054Z + @vitejs/plugin-react 6.1.1
2026-10-07T21:01:56.4180254Z + commonmark 0.31.2
2026-10-07T21:01:56.4180513Z + commonmark-spec 0.31.2
2026-10-07T21:01:56.4180715Z + css-select 7.0.0
2026-10-07T21:01:56.4180909Z + docx-preview 0.4.0
2026-10-07T21:01:56.4181105Z + entities 8.0.0
2026-10-07T21:01:56.4181283Z + fflate 0.8.3
2026-10-07T21:01:56.4181454Z + jsdom 30.0.1
2026-10-07T21:01:56.4181627Z + katex 0.18.6
2026-10-07T21:01:56.4181813Z + miniflare 3.20250718.3
2026-10-07T21:01:56.4182072Z + parse5 8.0.1
2026-10-07T21:01:56.4182374Z + parse5-htmlparser2-tree-adapter 8.0.1
2026-10-07T21:01:56.4182786Z + pdfjs-dist 6.3.289
2026-10-07T21:01:56.4182968Z + react 19.2.8
2026-10-07T21:01:56.4183150Z + react-dom 19.2.8
2026-10-07T21:01:56.4183323Z + rxjs 7.8.2
2026-10-07T21:01:56.4183487Z + svelte 5.57.0
2026-10-07T21:01:56.4183675Z + typescript 7.0.2
2026-10-07T21:01:56.4183918Z + unicode-emoji-json 0.9.0
2026-10-07T21:01:56.4184116Z + vite 8.2.2
2026-10-07T21:01:56.4184304Z + vitest 5.0.0
2026-10-07T21:01:56.4193358Z + vue 3.5.42
2026-10-07T21:01:56.4193561Z + yjs 13.6.32
2026-10-07T21:01:56.4193673Z 
2026-10-07T21:01:56.4529636Z Done in 3.4s using pnpm v11.19.0
2026-10-07T21:01:56.4999036Z ##[group]Run pnpm build
2026-10-07T21:01:56.4999202Z [36;1mpnpm build[0m
2026-10-07T21:01:56.5047590Z shell: /usr/bin/bash -e {0}
2026-10-07T21:01:56.5047725Z env:
2026-10-07T21:01:56.5047863Z   PNPM_HOME: /home/runner/setup-pnpm/node_modules/.bin
2026-10-07T21:01:56.5048038Z ##[endgroup]
2026-10-07T21:01:56.7718214Z $ vite build -c vite.lib.config.ts && tsc -p tsconfig.build.json && node scripts/copy-assets.mjs && pnpm build:angular
2026-10-07T21:01:56.9135534Z [36mvite v8.2.2 [32mbuilding client environment for production...[36m[39m
2026-10-07T21:01:56.9219451Z transforming...
2026-10-07T21:01:57.0004963Z ✓ 302 modules transformed.
2026-10-07T21:01:57.0559392Z rendering chunks...
2026-10-07T21:01:57.1135866Z computing gzip size...
2026-10-07T21:01:57.1245052Z dist/step-doAGd4iU.js                       0.20 kB │ gzip:  0.18 kB │ map:   0.41 kB
2026-10-07T21:01:57.1245551Z dist/plugin-B0KSKRXJ.js                     0.39 kB │ gzip:  0.28 kB │ map:   3.23 kB
2026-10-07T21:01:57.1245990Z dist/node-spec-Dl5lMC1C.js                  0.64 kB │ gzip:  0.37 kB │ map:   8.05 kB
2026-10-07T21:01:57.1246305Z dist/text-style.js                          0.87 kB │ gzip:  0.39 kB
2026-10-07T21:01:57.1246647Z dist/url-sjMj-efj.js                        1.03 kB │ gzip:  0.52 kB │ map:   2.68 kB
2026-10-07T21:01:57.1246965Z dist/svelte.js                              1.08 kB │ gzip:  0.55 kB │ map:   3.58 kB
2026-10-07T21:01:57.1247547Z dist/useFountain-DQ8gXlvr.js                1.09 kB │ gzip:  0.57 kB │ map:   3.25 kB
2026-10-07T21:01:57.1247903Z dist/command-manager-CSDUCeVE.js            1.32 kB │ gzip:  0.62 kB │ map:   6.46 kB
2026-10-07T21:01:57.1248256Z dist/collaboration-BubriAbK.js              1.44 kB │ gzip:  0.71 kB │ map:   3.60 kB
2026-10-07T21:01:57.1248590Z dist/react-widgets.js                       1.57 kB │ gzip:  0.67 kB │ map:   5.52 kB
2026-10-07T21:01:57.1248900Z dist/vue.js                                 1.72 kB │ gzip:  0.86 kB │ map:   4.53 kB
2026-10-07T21:01:57.1249227Z dist/inline-atom-BLfPalX5.js                1.76 kB │ gzip:  0.78 kB │ map:   5.30 kB
2026-10-07T21:01:57.1249560Z dist/path-B7Cr90vg.js                       1.89 kB │ gzip:  0.89 kB │ map:   5.80 kB
2026-10-07T21:01:57.1249890Z dist/search-CLj2oPC9.js                     1.99 kB │ gzip:  0.95 kB │ map:   6.14 kB
2026-10-07T21:01:57.1250218Z dist/history-CluGKD04.js                    2.71 kB │ gzip:  1.12 kB │ map:   7.84 kB
2026-10-07T21:01:57.1250572Z dist/html-page-settings-BniO1ltv.js         2.78 kB │ gzip:  1.16 kB │ map:   8.24 kB
2026-10-07T21:01:57.1250940Z dist/content-expression-CuobUc-r.js         2.87 kB │ gzip:  1.12 kB │ map:   7.89 kB
2026-10-07T21:01:57.1251292Z dist/input-rules-EH0whXGW.js                2.99 kB │ gzip:  1.31 kB │ map:   9.02 kB
2026-10-07T21:01:57.1251633Z dist/decoration-CuT1b7BC.js                 3.14 kB │ gzip:  1.23 kB │ map:  10.15 kB
2026-10-07T21:01:57.1251972Z dist/extension-Cfbujo9B.js                  3.20 kB │ gzip:  1.27 kB │ map:  10.62 kB
2026-10-07T21:01:57.1252338Z dist/replace-text-range-step-DDj1wpRU.js    3.28 kB │ gzip:  1.21 kB │ map:   9.56 kB
2026-10-07T21:01:57.1252906Z dist/table-map-Du2VwT8u.js                  3.47 kB │ gzip:  1.41 kB │ map:  10.05 kB
2026-10-07T21:01:57.1253633Z dist/mark-range-step-Jo1iPQSu.js            3.48 kB │ gzip:  1.08 kB │ map:  10.32 kB
2026-10-07T21:01:57.1254189Z dist/node-CMohf4dR.js                       3.90 kB │ gzip:  1.36 kB │ map:  10.26 kB
2026-10-07T21:01:57.1254752Z dist/html-flow-Bqt2vfNB.js                  4.47 kB │ gzip:  1.84 kB │ map:  11.72 kB
2026-10-07T21:01:57.1255362Z dist/widgets-dom.js                         4.74 kB │ gzip:  1.67 kB │ map:  13.70 kB
2026-10-07T21:01:57.1255908Z dist/text-style-B_ydZW8M.js                 4.82 kB │ gzip:  1.60 kB │ map:  15.05 kB
2026-10-07T21:01:57.1256468Z dist/integrity-dom.js                       5.07 kB │ gzip:  1.98 kB │ map:  14.22 kB
2026-10-07T21:01:57.1257060Z dist/link-destination-Cg-dC4G1.js           5.68 kB │ gzip:  2.10 kB │ map:  17.31 kB
2026-10-07T21:01:57.1257949Z dist/table-of-contents.js                   5.69 kB │ gzip:  2.34 kB │ map:  17.63 kB
2026-10-07T21:01:57.1258401Z dist/html-inert.js                          6.16 kB │ gzip:  2.55 kB │ map:  13.93 kB
2026-10-07T21:01:57.1258716Z dist/testing.js                             6.49 kB │ gzip:  2.31 kB │ map:  18.97 kB
2026-10-07T21:01:57.1259043Z dist/selection-Du4v48EK.js                  6.52 kB │ gzip:  2.21 kB │ map:  19.93 kB
2026-10-07T21:01:57.1259395Z dist/table-layout-CcmXrWN5.js               6.98 kB │ gzip:  2.51 kB │ map:  19.64 kB
2026-10-07T21:01:57.1259730Z dist/migrations.js                          7.04 kB │ gzip:  2.23 kB │ map:  19.76 kB
2026-10-07T21:01:57.1260085Z dist/react-tracked-changes.js               7.65 kB │ gzip:  2.34 kB │ map:  13.99 kB
2026-10-07T21:01:57.1260411Z dist/details.js                             7.72 kB │ gzip:  2.65 kB │ map:  21.54 kB
2026-10-07T21:01:57.1260739Z dist/mapping-BbhEodcc.js                    7.76 kB │ gzip:  2.66 kB │ map:  24.89 kB
2026-10-07T21:01:57.1261066Z dist/react-integrity.js                     8.09 kB │ gzip:  2.42 kB │ map:  13.31 kB
2026-10-07T21:01:57.1261412Z dist/menu-position-Sln4-uCf.js              8.23 kB │ gzip:  3.05 kB │ map:  25.35 kB
2026-10-07T21:01:57.1261741Z dist/node-ids.js                            8.74 kB │ gzip:  3.14 kB │ map:  28.06 kB
2026-10-07T21:01:57.1262046Z dist/widgets.js                             8.78 kB │ gzip:  3.21 kB │ map:  27.94 kB
2026-10-07T21:01:57.1262542Z dist/core.js                                9.04 kB │ gzip:  3.16 kB
2026-10-07T21:01:57.1262849Z dist/react-comments.js                      9.78 kB │ gzip:  2.75 kB │ map:  17.76 kB
2026-10-07T21:01:57.1263182Z dist/structured-attributes.js              10.03 kB │ gzip:  2.96 kB │ map:  31.46 kB
2026-10-07T21:01:57.1263519Z dist/react-versions.js                     10.06 kB │ gzip:  2.75 kB │ map:  18.26 kB
2026-10-07T21:01:57.1263877Z dist/collaboration-core-B-I53ZbT.js        10.29 kB │ gzip:  3.23 kB │ map:  32.95 kB
2026-10-07T21:01:57.1264227Z dist/ai-generated-media.js                 10.71 kB │ gzip:  3.28 kB │ map:  27.57 kB
2026-10-07T21:01:57.1264545Z dist/ruby.js                               10.92 kB │ gzip:  3.49 kB │ map:  28.83 kB
2026-10-07T21:01:57.1264872Z dist/page-settings-Bqt82pEY.js             11.19 kB │ gzip:  3.73 kB │ map:  32.14 kB
2026-10-07T21:01:57.1265200Z dist/pages.js                              11.27 kB │ gzip:  3.60 kB │ map:  28.76 kB
2026-10-07T21:01:57.1265516Z dist/integrity.js                          11.46 kB │ gzip:  3.63 kB │ map:  30.86 kB
2026-10-07T21:01:57.1265838Z dist/pages-preview.js                      13.47 kB │ gzip:  4.45 kB │ map:  37.18 kB
2026-10-07T21:01:57.1266166Z dist/editor-CMX7ABLq.js                    15.16 kB │ gzip:  4.48 kB │ map:  43.81 kB
2026-10-07T21:01:57.1266495Z dist/ai-conversation.js                    15.96 kB │ gzip:  4.46 kB │ map:  41.86 kB
2026-10-07T21:01:57.1266837Z dist/ai-document-tools.js                  16.83 kB │ gzip:  4.71 kB │ map:  45.73 kB
2026-10-07T21:01:57.1267170Z dist/emoji-cW4ke4sV.js                     17.42 kB │ gzip:  5.72 kB │ map:  46.29 kB
2026-10-07T21:01:57.1267508Z dist/link-behavior-Darz56lg.js             18.29 kB │ gzip:  6.84 kB │ map:  48.24 kB
2026-10-07T21:01:57.1267854Z dist/presentation-_RsWq19D.js              21.37 kB │ gzip:  6.17 kB │ map:  64.52 kB
2026-10-07T21:01:57.1268196Z dist/document-utilities.js                 23.88 kB │ gzip:  7.49 kB │ map:  67.80 kB
2026-10-07T21:01:57.1268515Z dist/yjs.js                                27.47 kB │ gzip:  7.82 kB │ map:  75.97 kB
2026-10-07T21:01:57.1268825Z dist/tracked-changes.js                    28.57 kB │ gzip:  8.09 kB │ map:  85.58 kB
2026-10-07T21:01:57.1269144Z dist/versions.js                           29.34 kB │ gzip:  7.76 kB │ map:  80.63 kB
2026-10-07T21:01:57.1269450Z dist/comments.js                           29.77 kB │ gzip:  8.57 kB │ map:  87.59 kB
2026-10-07T21:01:57.1270012Z dist/extensions-B9c6kOQO.js                32.94 kB │ gzip:  9.34 kB │ map:  85.95 kB
2026-10-07T21:01:57.1270375Z dist/media-CJTvtkRp.js                     42.48 kB │ gzip: 12.03 kB │ map: 109.56 kB
2026-10-07T21:01:57.1270708Z dist/markdown-html-83ZGjqmO.js             43.57 kB │ gzip: 23.96 kB │ map:  74.66 kB
2026-10-07T21:01:57.1271042Z dist/pages-dom.js                          53.72 kB │ gzip: 13.34 kB │ map: 147.72 kB
2026-10-07T21:01:57.1271365Z dist/commands-ClpBIECY.js                  82.06 kB │ gzip: 21.35 kB │ map: 235.36 kB
2026-10-07T21:01:57.1271686Z dist/index.js                              82.79 kB │ gzip: 24.38 kB │ map: 179.78 kB
2026-10-07T21:01:57.1272014Z dist/text-exporter-B5RmV4RM.js             87.20 kB │ gzip: 25.32 kB │ map: 267.14 kB
2026-10-07T21:01:57.1272334Z dist/react.js                              92.10 kB │ gzip: 21.58 kB │ map: 183.72 kB
2026-10-07T21:01:57.1272723Z dist/view-DUapfWc3.js                     116.38 kB │ gzip: 28.76 kB │ map: 299.21 kB
2026-10-07T21:01:57.1273045Z dist/docx.js                              188.06 kB │ gzip: 54.00 kB │ map: 517.08 kB
2026-10-07T21:01:57.1273353Z dist/html-server.js                       261.46 kB │ gzip: 59.35 kB │ map: 770.20 kB
2026-10-07T21:01:57.1273669Z dist/emoji-data.js                        331.40 kB │ gzip: 30.88 kB │ map: 467.62 kB
2026-10-07T21:01:57.1273817Z 
2026-10-07T21:01:57.1323161Z transforming...
2026-10-07T21:01:57.2016843Z ✓ 302 modules transformed.
2026-10-07T21:01:57.2478733Z rendering chunks...
2026-10-07T21:01:57.2965076Z computing gzip size...
2026-10-07T21:01:57.3044752Z dist/step-CICBu9Xg.cjs                       0.20 kB │ gzip:  0.18 kB │ map:   0.42 kB
2026-10-07T21:01:57.3045353Z dist/plugin-DlQkwKdU.cjs                     0.48 kB │ gzip:  0.27 kB │ map:   3.21 kB
2026-10-07T21:01:57.3045797Z dist/node-spec-owlJN_nc.cjs                  0.59 kB │ gzip:  0.36 kB │ map:   8.05 kB
2026-10-07T21:01:57.3046162Z dist/rolldown-runtime-Chgba0Kb.cjs           0.77 kB │ gzip:  0.41 kB
2026-10-07T21:01:57.3047722Z dist/text-style.cjs                          0.87 kB │ gzip:  0.36 kB
2026-10-07T21:01:57.3048288Z dist/svelte.cjs                              0.89 kB │ gzip:  0.51 kB │ map:   3.64 kB
2026-10-07T21:01:57.3048810Z dist/url-Co8QRAHd.cjs                        0.92 kB │ gzip:  0.51 kB │ map:   2.68 kB
2026-10-07T21:01:57.3049233Z dist/useFountain-C16zq9TV.cjs                0.96 kB │ gzip:  0.52 kB │ map:   3.30 kB
2026-10-07T21:01:57.3049591Z dist/command-manager-DU4ahU5C.cjs            1.06 kB │ gzip:  0.55 kB │ map:   6.45 kB
2026-10-07T21:01:57.3049962Z dist/collaboration-DHfWMt2l.cjs              1.26 kB │ gzip:  0.63 kB │ map:   3.61 kB
2026-10-07T21:01:57.3050306Z dist/react-widgets.cjs                       1.33 kB │ gzip:  0.63 kB │ map:   5.62 kB
2026-10-07T21:01:57.3050622Z dist/vue.cjs                                 1.45 kB │ gzip:  0.76 kB │ map:   4.76 kB
2026-10-07T21:01:57.3050947Z dist/inline-atom-Cg88XSNe.cjs                1.53 kB │ gzip:  0.70 kB │ map:   5.34 kB
2026-10-07T21:01:57.3051301Z dist/search-Cb5HWhnF.cjs                     1.76 kB │ gzip:  0.87 kB │ map:   6.15 kB
2026-10-07T21:01:57.3051644Z dist/path-DDY3uxw-.cjs                       1.98 kB │ gzip:  0.82 kB │ map:   5.79 kB
2026-10-07T21:01:57.3052001Z dist/content-expression-YXcFdjFU.cjs         2.15 kB │ gzip:  0.98 kB │ map:   7.85 kB
2026-10-07T21:01:57.3052378Z dist/html-page-settings-CHmUedrc.cjs         2.52 kB │ gzip:  1.03 kB │ map:   8.22 kB
2026-10-07T21:01:57.3052991Z dist/table-map-Dbo_d2TT.cjs                  2.65 kB │ gzip:  1.23 kB │ map:  10.02 kB
2026-10-07T21:01:57.3053344Z dist/input-rules-HXvPuvbc.cjs                2.66 kB │ gzip:  1.16 kB │ map:   9.04 kB
2026-10-07T21:01:57.3053696Z dist/decoration-jVx4B2Pl.cjs                 2.68 kB │ gzip:  1.13 kB │ map:  10.14 kB
2026-10-07T21:01:57.3054068Z dist/replace-text-range-step-VHOaDNVn.cjs    2.69 kB │ gzip:  1.07 kB │ map:   9.63 kB
2026-10-07T21:01:57.3054431Z dist/history-C1iHQbdz.cjs                    2.76 kB │ gzip:  1.03 kB │ map:   7.85 kB
2026-10-07T21:01:57.3055018Z dist/extension-Sb4ErwsF.cjs                  2.86 kB │ gzip:  1.17 kB │ map:  10.59 kB
2026-10-07T21:01:57.3055378Z dist/mark-range-step-DOJDyOsP.cjs            3.02 kB │ gzip:  0.92 kB │ map:  10.34 kB
2026-10-07T21:01:57.3055722Z dist/node-D26sG_e5.cjs                       3.35 kB │ gzip:  1.25 kB │ map:  10.25 kB
2026-10-07T21:01:57.3056049Z dist/widgets-dom.cjs                         4.02 kB │ gzip:  1.53 kB │ map:  13.67 kB
2026-10-07T21:01:57.3056395Z dist/html-flow-C20BftBL.cjs                  4.18 kB │ gzip:  1.68 kB │ map:  11.78 kB
2026-10-07T21:01:57.3056733Z dist/integrity-dom.cjs                       4.36 kB │ gzip:  1.82 kB │ map:  14.27 kB
2026-10-07T21:01:57.3057066Z dist/table-of-contents.cjs                   4.75 kB │ gzip:  2.12 kB │ map:  17.66 kB
2026-10-07T21:01:57.3057415Z dist/text-style-DrBKE712.cjs                 5.08 kB │ gzip:  1.44 kB │ map:  15.23 kB
2026-10-07T21:01:57.3057747Z dist/html-inert.cjs                          5.19 kB │ gzip:  2.36 kB │ map:  13.94 kB
2026-10-07T21:01:57.3058072Z dist/testing.cjs                             5.43 kB │ gzip:  2.08 kB │ map:  18.97 kB
2026-10-07T21:01:57.3058549Z dist/selection-DrO1gWsj.cjs                  5.65 kB │ gzip:  1.97 kB │ map:  19.95 kB
2026-10-07T21:01:57.3059138Z dist/react-tracked-changes.cjs               5.71 kB │ gzip:  2.01 kB │ map:  14.60 kB
2026-10-07T21:01:57.3059520Z dist/link-destination-BYPbw7q2.cjs           5.88 kB │ gzip:  1.79 kB │ map:  17.35 kB
2026-10-07T21:01:57.3060270Z dist/migrations.cjs                          6.10 kB │ gzip:  2.00 kB │ map:  19.78 kB
2026-10-07T21:01:57.3060818Z dist/react-integrity.cjs                     6.18 kB │ gzip:  2.18 kB │ map:  14.15 kB
2026-10-07T21:01:57.3061233Z dist/details.cjs                             6.35 kB │ gzip:  2.39 kB │ map:  21.62 kB
2026-10-07T21:01:57.3061563Z dist/mapping-LRwd6pqd.cjs                    6.55 kB │ gzip:  2.36 kB │ map:  24.97 kB
2026-10-07T21:01:57.3061910Z dist/table-layout-r-zMRyTz.cjs               6.66 kB │ gzip:  2.26 kB │ map:  19.62 kB
2026-10-07T21:01:57.3062263Z dist/react-comments.cjs                      7.05 kB │ gzip:  2.28 kB │ map:  18.76 kB
2026-10-07T21:01:57.3062819Z dist/node-ids.cjs                            7.18 kB │ gzip:  2.82 kB │ map:  28.03 kB
2026-10-07T21:01:57.3063355Z dist/menu-position-_lijqiB1.cjs              7.21 kB │ gzip:  2.71 kB │ map:  25.43 kB
2026-10-07T21:01:57.3063712Z dist/widgets.cjs                             7.33 kB │ gzip:  2.88 kB │ map:  28.00 kB
2026-10-07T21:01:57.3064043Z dist/react-versions.cjs                      7.37 kB │ gzip:  2.35 kB │ map:  19.28 kB
2026-10-07T21:01:57.3064371Z dist/core.cjs                                8.24 kB │ gzip:  2.43 kB
2026-10-07T21:01:57.3064694Z dist/structured-attributes.cjs               8.41 kB │ gzip:  2.71 kB │ map:  31.45 kB
2026-10-07T21:01:57.3065044Z dist/ai-generated-media.cjs                  9.11 kB │ gzip:  2.97 kB │ map:  27.49 kB
2026-10-07T21:01:57.3065369Z dist/ruby.cjs                                9.18 kB │ gzip:  3.14 kB │ map:  28.80 kB
2026-10-07T21:01:57.3065690Z dist/integrity.cjs                           9.36 kB │ gzip:  3.32 kB │ map:  30.88 kB
2026-10-07T21:01:57.3066003Z dist/pages.cjs                               9.36 kB │ gzip:  3.21 kB │ map:  28.86 kB
2026-10-07T21:01:57.3066343Z dist/collaboration-core-6QLxBCsv.cjs         9.37 kB │ gzip:  2.92 kB │ map:  32.93 kB
2026-10-07T21:01:57.3066714Z dist/page-settings-BTDzBnRH.cjs             10.15 kB │ gzip:  3.43 kB │ map:  32.11 kB
2026-10-07T21:01:57.3067069Z dist/pages-preview.cjs                      11.42 kB │ gzip:  4.09 kB │ map:  37.00 kB
2026-10-07T21:01:57.3067403Z dist/editor-Ce4QfnkJ.cjs                    13.24 kB │ gzip:  4.10 kB │ map:  43.90 kB
2026-10-07T21:01:57.3067739Z dist/ai-conversation.cjs                    13.42 kB │ gzip:  4.04 kB │ map:  41.75 kB
2026-10-07T21:01:57.3068076Z dist/ai-document-tools.cjs                  13.93 kB │ gzip:  4.22 kB │ map:  45.71 kB
2026-10-07T21:01:57.3068545Z dist/emoji-DJLmfeJl.cjs                     14.66 kB │ gzip:  5.12 kB │ map:  46.33 kB
2026-10-07T21:01:57.3069051Z dist/link-behavior-Bgy809Kn.cjs             16.42 kB │ gzip:  6.30 kB │ map:  48.32 kB
2026-10-07T21:01:57.3069855Z dist/presentation-DrPDmb6z.cjs              17.92 kB │ gzip:  5.47 kB │ map:  64.36 kB
2026-10-07T21:01:57.3070216Z dist/document-utilities.cjs                 19.37 kB │ gzip:  6.71 kB │ map:  67.92 kB
2026-10-07T21:01:57.3070685Z dist/yjs.cjs                                22.89 kB │ gzip:  7.13 kB │ map:  75.74 kB
2026-10-07T21:01:57.3071217Z dist/tracked-changes.cjs                    23.66 kB │ gzip:  7.30 kB │ map:  85.59 kB
2026-10-07T21:01:57.3071741Z dist/comments.cjs                           24.18 kB │ gzip:  7.65 kB │ map:  87.59 kB
2026-10-07T21:01:57.3072251Z dist/versions.cjs                           24.36 kB │ gzip:  7.06 kB │ map:  80.44 kB
2026-10-07T21:01:57.3072903Z dist/extensions-CBclZb2f.cjs                30.75 kB │ gzip:  8.30 kB │ map:  86.30 kB
2026-10-07T21:01:57.3073469Z dist/media-6BEBDS2B.cjs                     35.08 kB │ gzip: 10.81 kB │ map: 109.67 kB
2026-10-07T21:01:57.3074054Z dist/markdown-html-DD8ATANg.cjs             41.42 kB │ gzip: 23.40 kB │ map:  74.55 kB
2026-10-07T21:01:57.3074624Z dist/pages-dom.cjs                          44.81 kB │ gzip: 12.13 kB │ map: 147.15 kB
2026-10-07T21:01:57.3075183Z dist/text-exporter-BPSREm_5.cjs             68.19 kB │ gzip: 22.75 kB │ map: 266.49 kB
2026-10-07T21:01:57.3075726Z dist/react.cjs                              69.17 kB │ gzip: 18.66 kB │ map: 192.48 kB
2026-10-07T21:01:57.3076420Z dist/index.cjs                              70.12 kB │ gzip: 21.12 kB │ map: 179.78 kB
2026-10-07T21:01:57.3076974Z dist/commands-2YHotcJj.cjs                  73.03 kB │ gzip: 19.69 kB │ map: 236.40 kB
2026-10-07T21:01:57.3077547Z dist/view-CGy9G2p9.cjs                      99.22 kB │ gzip: 26.21 kB │ map: 298.54 kB
2026-10-07T21:01:57.3078075Z dist/docx.cjs                              152.04 kB │ gzip: 48.58 kB │ map: 516.01 kB
2026-10-07T21:01:57.3078610Z dist/html-server.cjs                       212.56 kB │ gzip: 54.16 kB │ map: 767.33 kB
2026-10-07T21:01:57.3079159Z dist/emoji-data.cjs                        274.54 kB │ gzip: 30.24 kB │ map: 451.98 kB
2026-10-07T21:01:57.3079413Z 
2026-10-07T21:01:57.3089197Z [32m✓ built in 392ms[39m
2026-10-07T21:01:58.2880104Z $ pnpm --dir tools/angular-build exec ngc -p ../../tsconfig.angular.json && pnpm build:angular-demo
2026-10-07T21:01:59.6993128Z $ pnpm --dir tools/angular-build exec ngc -p ../../tsconfig.angular-demo.json
2026-10-07T21:02:01.2657479Z ##[group]Run pnpm test:performance
2026-10-07T21:02:01.2657687Z [36;1mpnpm test:performance[0m
2026-10-07T21:02:01.2707498Z shell: /usr/bin/bash -e {0}
2026-10-07T21:02:01.2707633Z env:
2026-10-07T21:02:01.2707779Z   PNPM_HOME: /home/runner/setup-pnpm/node_modules/.bin
2026-10-07T21:02:01.2707958Z ##[endgroup]
2026-10-07T21:02:01.6443402Z $ node --expose-gc scripts/check-performance-budgets.mjs
2026-10-07T21:02:01.7305684Z 100 blocks: local p50 0.07 ms, p95 0.12 ms; incremental remote p50 0.06 ms, p95 0.07 ms; JSON boundary p50 0.60 ms, p95 0.88 ms
2026-10-07T21:02:01.7883882Z 1,000 blocks: local p50 0.06 ms, p95 0.09 ms; incremental remote p50 0.04 ms, p95 0.06 ms; JSON boundary p50 5.72 ms, p95 8.93 ms
2026-10-07T21:02:02.0054866Z 5,000 blocks: local p50 0.23 ms, p95 0.44 ms; incremental remote p50 0.26 ms, p95 1.77 ms; JSON boundary p50 18.30 ms, p95 24.27 ms
2026-10-07T21:02:02.5670433Z 10,000 blocks: local p50 0.45 ms, p95 0.71 ms; incremental remote p50 0.46 ms, p95 0.58 ms; JSON boundary p50 53.06 ms, p95 74.92 ms
2026-10-07T21:02:02.6245174Z 100 HTML blocks: server parse p50 5.17 ms, p95 9.10 ms
2026-10-07T21:02:02.9312254Z 1,000 HTML blocks: server parse p50 42.37 ms, p95 47.25 ms
2026-10-07T21:02:04.3169834Z 5,000 HTML blocks: server parse p50 195.08 ms, p95 205.26 ms
2026-10-07T21:02:07.1226181Z 10,000 HTML blocks: server parse p50 387.10 ms, p95 428.47 ms
2026-10-07T21:02:07.1226964Z server HTML 1,000→10,000 median growth: 9.14x / 15x
2026-10-07T21:02:07.1234281Z local 1,000→10,000 median growth: 7.21x / 15x
2026-10-07T21:02:07.1234744Z incremental remote 1,000→10,000 median growth: 11.32x / 15x
2026-10-07T21:02:07.2316041Z 2,000-edit live-session heap growth: 0.00 MiB / 8 MiB
2026-10-07T21:02:07.2849013Z destroyed-editor retained heap: 0.06 MiB / 16 MiB
2026-10-07T21:02:07.7532183Z retained 10,000-block server HTML document: 15.20 MiB / 48 MiB
2026-10-07T21:02:07.8220328Z Post job cleanup.
2026-10-07T21:02:07.9031786Z (node:2386) [DEP0040] DeprecationWarning: The `punycode` module is deprecated. Please use a userland alternative instead.
2026-10-07T21:02:07.9032248Z (Use `node --trace-deprecation ...` to show where the warning was created)
2026-10-07T21:02:07.9034287Z Cache hit occurred on the primary key node-cache-Linux-x64-pnpm-fd849381c36c47c9fa715e7759caf3b24b3c25e63e57449d26448df099a8c870, not saving cache.
2026-10-07T21:02:07.9121611Z Post job cleanup.
2026-10-07T21:02:08.0025486Z Pruning is unnecessary.
2026-10-07T21:02:08.1097317Z Post job cleanup.
2026-10-07T21:02:08.1665219Z [command]/usr/bin/git version
2026-10-07T21:02:08.1694093Z git version 2.55.0
2026-10-07T21:02:08.1717224Z Temporarily overriding HOME='/home/runner/work/_temp/d7ae4cde-b82a-4d3b-879a-253b828f2e0a' before making global git config changes
2026-10-07T21:02:08.1718038Z Adding repository directory to the temporary git global config as a safe directory
2026-10-07T21:02:08.1720899Z [command]/usr/bin/git config --global --add safe.directory /home/runner/work/fountainjs/fountainjs
2026-10-07T21:02:08.2285936Z [command]/usr/bin/git config --local --name-only --get-regexp core\.sshCommand
2026-10-07T21:02:08.2317928Z [command]/usr/bin/git submodule foreach --recursive sh -c "git config --local --name-only --get-regexp 'core\.sshCommand' && git config --local --unset-all 'core.sshCommand' || :"
2026-10-07T21:02:08.2505159Z [command]/usr/bin/git config --local --name-only --get-regexp http\.https\:\/\/github\.com\/\.extraheader
2026-10-07T21:02:08.2583397Z http.https://github.com/.extraheader
2026-10-07T21:02:08.2591382Z [command]/usr/bin/git config --local --unset-all http.https://github.com/.extraheader
2026-10-07T21:02:08.3575371Z [command]/usr/bin/git submodule foreach --recursive sh -c "git config --local --name-only --get-regexp 'http\.https\:\/\/github\.com\/\.extraheader' && git config --local --unset-all 'http.https://github.com/.extraheader' || :"
2026-10-07T21:02:08.3755680Z [command]/usr/bin/git config --local --name-only --get-regexp ^includeIf\.gitdir:
2026-10-07T21:02:08.3780504Z [command]/usr/bin/git submodule foreach --recursive git config --local --show-origin --name-only --get-regexp remote.origin.url
2026-10-07T21:02:08.4063839Z Cleaning up orphan processes
2026-10-07T21:02:08.4270850Z ##[warning]Node.js 20 is deprecated. The following actions target Node.js 20 but are being forced to run on Node.js 24: actions/checkout@v4, actions/setup-node@v4, pnpm/action-setup@v4. For more information see: https://github.blog/changelog/2025-09-19-deprecation-of-node-20-on-github-actions-runners/
