[WebServer] (node:23036) Warning: The 'NO_COLOR' env is ignored due to the 'FORCE_COLOR' env being set.
[WebServer] (Use `node --trace-warnings ...` to show where the warning was created)
[WebServer] (node:28264) Warning: The 'NO_COLOR' env is ignored due to the 'FORCE_COLOR' env being set.
[WebServer] (Use `node --trace-warnings ...` to show where the warning was created)

Running 12 tests using 1 worker

(node:23680) Warning: The 'NO_COLOR' env is ignored due to the 'FORCE_COLOR' env being set.
(Use `node --trace-warnings ...` to show where the warning was created)
  ok  1 [chromium] › tests\browser\editor.spec.ts:46:3 › retains technical code reading direction through real settings, editing and downloaded HTML: ltr (7.5s)
  ok  2 [chromium] › tests\browser\editor.spec.ts:46:3 › retains technical code reading direction through real settings, editing and downloaded HTML: rtl (6.0s)
  ok  3 [chromium] › tests\browser\editor.spec.ts:46:3 › retains technical code reading direction through real settings, editing and downloaded HTML: auto (5.9s)
  ok  4 [chromium] › tests\browser\editor.spec.ts:51:1 › retains technical code reading direction and disabled line numbers through native copy and HTML fallback (6.5s)
(node:24620) Warning: The 'NO_COLOR' env is ignored due to the 'FORCE_COLOR' env being set.
(Use `node --trace-warnings ...` to show where the warning was created)
  ok  5 [firefox] › tests\browser\editor.spec.ts:46:3 › retains technical code reading direction through real settings, editing and downloaded HTML: ltr (11.8s)
  ok  6 [firefox] › tests\browser\editor.spec.ts:46:3 › retains technical code reading direction through real settings, editing and downloaded HTML: rtl (9.1s)
  ok  7 [firefox] › tests\browser\editor.spec.ts:46:3 › retains technical code reading direction through real settings, editing and downloaded HTML: auto (9.2s)
  ok  8 [firefox] › tests\browser\editor.spec.ts:51:1 › retains technical code reading direction and disabled line numbers through native copy and HTML fallback (11.1s)
(node:15668) Warning: The 'NO_COLOR' env is ignored due to the 'FORCE_COLOR' env being set.
(Use `node --trace-warnings ...` to show where the warning was created)
  ok  9 [webkit] › tests\browser\editor.spec.ts:46:3 › retains technical code reading direction through real settings, editing and downloaded HTML: ltr (15.2s)
  ok 10 [webkit] › tests\browser\editor.spec.ts:46:3 › retains technical code reading direction through real settings, editing and downloaded HTML: rtl (12.0s)
  ok 11 [webkit] › tests\browser\editor.spec.ts:46:3 › retains technical code reading direction through real settings, editing and downloaded HTML: auto (14.9s)
  -  12 [webkit] › tests\browser\editor.spec.ts:51:1 › retains technical code reading direction and disabled line numbers through native copy and HTML fallback

  1 skipped
  11 passed (2.1m)
