Anchor oracle sensitivity: 3 placeholder-vs-hyperlink distinctions retained.
Delimiter neighbors: 6674 generated LF/CRLF reference-semantic, exact-source and complete native canonical contracts passed; not official-corpus matches.
Code labels: 34 LF/CRLF full reference-semantic, exact-source and canonical round-trip contracts passed.
Identity-preserving flow: 48 safe-fallback/source checks; 8 fixtures still declined on this route. Lazy paragraph context distinguishes the legacy collision.
Explicit paragraph-source flow: 8 LF/CRLF exact-code/source contracts; 2 full structural matches. Outer-div mismatches retained; 4 structural fixture kinds still declined.
Explicit structural source flow: 58 LF/CRLF reference-code/source contracts. Paragraphs, headings, code, plain hard breaks and list/quote nesting supported; outer-div mismatches remain. Separate contracts cover protected Markdown images/rules and pipe tables; specialized unsupported blocks still refuse conversion.
Structural source flow: 44 LF/CRLF full reference-structure and exact-source contracts outside pre.
Entity newlines: 12 reference text-character and canonical round-trip contracts passed.
Code origins: 20 LF/CRLF import/source contracts; identical-HTML provenance distinguished; 6 newline corruptions rejected.
Table projection: unit spans/cell wrappers equivalent; 14 structural/content corruptions rejected.
Formatting scopes: 20 reference semantic/source contracts; 10 corruptions rejected.
Inline block HTML: 2 existing literal fallbacks retained, explicitly not counted as conformance.
Paragraph recovery: 76 opt-in reference/source contracts; existing baselines unchanged.
Paragraph recovery: 1304 corpus source-retention checks; not full semantic conformance.
Reference parser reproduced all 652 official HTML outputs exactly.
Inert raw HTML: 72/72 semantic, 72/72 exact token contracts; 144/144 generated boundary/round-trip contracts.
Oracle sensitivity: 8 semantic and 2 literal-whitespace corruptions rejected; reference parser absent from 148 runtime source maps.
URL oracle sensitivity: 4 raw-control/backslash aliases rejected; 3 TAB/LF/CR preprocessing equivalences; 2 reviewed URI equivalents retained.
Literal-address import policy: 566/566 reference semantic contracts passed (default baseline unchanged).
CommonMark 0.31.2: 563/652 examples match Fountain's neutral semantic projection.
Matched example ranges: 1-20,22-30,32-147,192-200,202-206,208-217,219-238,241-279,285-307,310-314,316-343,345-474,478-490,492-493,495-523,525-535,537-595,597,600,602-607,609-610,618-622,624,632-641,644-652
Baseline classifications: 563 matching, 72 pending, 17 intentional divergences.
Pending implementation work:
- Raw HTML syntax, precedence, and safe schema projection: 72
Remaining mismatches by section:
- Autolinks: 7
- Backslash escapes: 1
- Block quotes: 2
- Code spans: 1
- Emphasis and strong emphasis: 3
- Entity and numeric character references: 1
- Hard line breaks: 2
- HTML blocks: 44
- Link reference definitions: 3
- Links: 4
- List items: 5
- Lists: 3
- Raw HTML: 13
Example 150 (HTML blocks) source:
" <div>\n  *hello*\n         <foo><a>\n"
Expected projection:
[
  [
    "html-block",
    "div",
    [],
    [
      [
        "paragraph",
        [
          [
            "text",
            "*hello* "
          ],
          [
            "html-inline",
            "foo",
            [],
            [
              [
                "html-inline",
                "a",
                [],
                []
              ]
            ]
          ]
        ]
      ]
    ]
  ]
]
Fountain projection:
[
  [
    "paragraph",
    [
      [
        "text",
        "<div>"
      ],
      [
        "hard-break"
      ],
      [
        "text",
        "*hello*"
      ],
      [
        "hard-break"
      ],
      [
        "text",
        "<foo><a>"
      ]
    ]
  ]
]
Example 156 (HTML blocks) source:
"<div id=\"foo\"\n*hi*\n"
Expected projection:
[]
Fountain projection:
[
  [
    "paragraph",
    [
      [
        "text",
        "<div id=\"foo\""
      ],
      [
        "hard-break"
      ],
      [
        "text",
        "*hi*"
      ]
    ]
  ]
]
Example 157 (HTML blocks) source:
"<div class\nfoo\n"
Expected projection:
[]
Fountain projection:
[
  [
    "paragraph",
    [
      [
        "text",
        "<div class"
      ],
      [
        "hard-break"
      ],
      [
        "text",
        "foo"
      ]
    ]
  ]
]
Example 158 (HTML blocks) source:
"<div *???-&&&-<---\n*foo*\n"
Expected projection:
[]
Fountain projection:
[
  [
    "paragraph",
    [
      [
        "text",
        "<div *???-&&&-<---"
      ],
      [
        "hard-break"
      ],
      [
        "text",
        "*foo*"
      ]
    ]
  ]
]
Example 181 (HTML blocks) source:
"<!DOCTYPE html>\n"
Expected projection:
[]
Fountain projection:
[
  [
    "paragraph",
    [
      [
        "text",
        "<!DOCTYPE html>"
      ]
    ]
  ]
]
Example 613 (Raw HTML) source:
"<a><bab><c2c>\n"
Expected projection:
[
  [
    "paragraph",
    [
      [
        "html-inline",
        "a",
        [],
        [
          [
            "html-inline",
            "bab",
            [],
            [
              [
                "html-inline",
                "c2c",
                [],
                []
              ]
            ]
          ]
        ]
      ]
    ]
  ],
  [
    "paragraph",
    [
      [
        "html-inline",
        "a",
        [],
        []
      ]
    ]
  ]
]
Fountain projection:
[
  [
    "paragraph",
    [
      [
        "text",
        "<a><bab><c2c>"
      ]
    ]
  ]
]
Example 614 (Raw HTML) source:
"<a/><b2/>\n"
Expected projection:
[
  [
    "paragraph",
    [
      [
        "html-inline",
        "a",
        [],
        [
          [
            "html-inline",
            "b2",
            [],
            []
          ]
        ]
      ]
    ]
  ],
  [
    "paragraph",
    [
      [
        "html-inline",
        "a",
        [],
        []
      ]
    ]
  ]
]
Fountain projection:
[
  [
    "paragraph",
    [
      [
        "text",
        "<a/><b2/>"
      ]
    ]
  ]
]
Example 615 (Raw HTML) source:
"<a  /><b2\ndata=\"foo\" >\n"
Expected projection:
[
  [
    "paragraph",
    [
      [
        "html-inline",
        "a",
        [],
        [
          [
            "html-inline",
            "b2",
            [
              [
                "data",
                "foo"
              ]
            ],
            []
          ]
        ]
      ]
    ]
  ],
  [
    "paragraph",
    [
      [
        "html-inline",
        "a",
        [],
        []
      ]
    ]
  ]
]
Fountain projection:
[
  [
    "paragraph",
    [
      [
        "text",
        "<a /><b2 data=\"foo\" >"
      ]
    ]
  ]
]
Example 616 (Raw HTML) source:
"<a foo=\"bar\" bam = 'baz <em>\"</em>'\n_boolean zoop:33=zoop:33 />\n"
Expected projection:
[
  [
    "paragraph",
    [
      [
        "html-inline",
        "a",
        [
          [
            "_boolean",
            ""
          ],
          [
            "bam",
            "baz <em>\"</em>"
          ],
          [
            "foo",
            "bar"
          ],
          [
            "zoop:33",
            "zoop:33"
          ]
        ],
        []
      ]
    ]
  ],
  [
    "paragraph",
    [
      [
        "html-inline",
        "a",
        [
          [
            "_boolean",
            ""
          ],
          [
            "bam",
            "baz <em>\"</em>"
          ],
          [
            "foo",
            "bar"
          ],
          [
            "zoop:33",
            "zoop:33"
          ]
        ],
        []
      ]
    ]
  ]
]
Fountain projection:
[
  [
    "paragraph",
    [
      [
        "text",
        "<a foo=\"bar\" bam = 'baz <em>\"</em>' _boolean zoop:33=zoop:33 />"
      ]
    ]
  ]
]
Example 631 (Raw HTML) source:
"foo <a href=\"\\*\">\n"
Expected projection:
[
  [
    "paragraph",
    [
      [
        "text",
        "foo "
      ],
      [
        "link",
        "\\*",
        null,
        []
      ]
    ]
  ],
  [
    "paragraph",
    [
      [
        "link",
        "\\*",
        null,
        []
      ]
    ]
  ]
]
Fountain projection:
[
  [
    "paragraph",
    [
      [
        "text",
        "foo <a href=\"\\*\">"
      ]
    ]
  ]
]
Opt-in HTML flow: 1304 exact-source contracts passed (LF/CRLF); not semantic conformance.
Opt-in HTML block + inline semantics: 579/652 exact neutral-projection matches; remaining differences unresolved, not full conformance.
Optional HTML containers: 26 reference-semantic and 26 exact-source checks; existing schema/profile scores unchanged.
Opt-in source recovery: 580/652 neutral-projection matches on LF and CRLF; 1304 separate exact-source checks. Not full CommonMark conformance.
{"documentFlow":{"preserveComments":false,"preserveFlow":false,"number":150,"ending":"\n","source":" <div>\n  *hello*\n         <foo><a>\n","expected":[["html-block","div",[],[["paragraph",[["text","*hello* "],["html-inline","foo",[],[["html-inline","a",[],[]]]]]]]]],"actual":[["html-block","div",[],[["paragraph",[["text","*hello*"]]]]]],"fallbacks":[],"matched":false}}
{"documentFlow":{"preserveComments":false,"preserveFlow":false,"number":150,"ending":"\r\n","source":" <div>\r\n  *hello*\r\n         <foo><a>\r\n","expected":[["html-block","div",[],[["paragraph",[["text","*hello* "],["html-inline","foo",[],[["html-inline","a",[],[]]]]]]]]],"actual":[["html-block","div",[],[["paragraph",[["text","*hello*"]]]]]],"fallbacks":[],"matched":false}}
{"documentFlow":{"preserveComments":false,"preserveFlow":false,"number":156,"ending":"\n","source":"<div id=\"foo\"\n*hi*\n","expected":[],"actual":[["paragraph",[["text","<div id=\"foo\""],["hard-break"],["text","*hi*"]]]],"fallbacks":[{"reason":"error","message":"HTML recovery cannot preserve an unfinished HTML tag; inert Markdown source retained."},{"reason":"error","message":"HTML recovery cannot preserve an unfinished HTML tag; inert Markdown source retained."}],"matched":false}}
{"documentFlow":{"preserveComments":false,"preserveFlow":false,"number":156,"ending":"\r\n","source":"<div id=\"foo\"\r\n*hi*\r\n","expected":[],"actual":[["paragraph",[["text","<div id=\"foo\""],["hard-break"],["text","*hi*"]]]],"fallbacks":[{"reason":"error","message":"HTML recovery cannot preserve an unfinished HTML tag; inert Markdown source retained."},{"reason":"error","message":"HTML recovery cannot preserve an unfinished HTML tag; inert Markdown source retained."}],"matched":false}}
{"documentFlow":{"preserveComments":false,"preserveFlow":false,"number":157,"ending":"\n","source":"<div class\nfoo\n","expected":[],"actual":[["paragraph",[["text","<div class"],["hard-break"],["text","foo"]]]],"fallbacks":[{"reason":"error","message":"HTML recovery cannot preserve an unfinished HTML tag; inert Markdown source retained."},{"reason":"error","message":"HTML recovery cannot preserve an unfinished HTML tag; inert Markdown source retained."}],"matched":false}}
{"documentFlow":{"preserveComments":false,"preserveFlow":false,"number":157,"ending":"\r\n","source":"<div class\r\nfoo\r\n","expected":[],"actual":[["paragraph",[["text","<div class"],["hard-break"],["text","foo"]]]],"fallbacks":[{"reason":"error","message":"HTML recovery cannot preserve an unfinished HTML tag; inert Markdown source retained."},{"reason":"error","message":"HTML recovery cannot preserve an unfinished HTML tag; inert Markdown source retained."}],"matched":false}}
{"documentFlow":{"preserveComments":false,"preserveFlow":false,"number":158,"ending":"\n","source":"<div *???-&&&-<---\n*foo*\n","expected":[],"actual":[["paragraph",[["text","<div *???-&&&-<---"],["hard-break"],["text","*foo*"]]]],"fallbacks":[{"reason":"error","message":"HTML recovery cannot preserve an unfinished HTML tag; inert Markdown source retained."},{"reason":"error","message":"HTML recovery cannot preserve an unfinished HTML tag; inert Markdown source retained."}],"matched":false}}
{"documentFlow":{"preserveComments":false,"preserveFlow":false,"number":158,"ending":"\r\n","source":"<div *???-&&&-<---\r\n*foo*\r\n","expected":[],"actual":[["paragraph",[["text","<div *???-&&&-<---"],["hard-break"],["text","*foo*"]]]],"fallbacks":[{"reason":"error","message":"HTML recovery cannot preserve an unfinished HTML tag; inert Markdown source retained."},{"reason":"error","message":"HTML recovery cannot preserve an unfinished HTML tag; inert Markdown source retained."}],"matched":false}}
{"documentFlow":{"preserveComments":false,"preserveFlow":false,"number":181,"ending":"\n","source":"<!DOCTYPE html>\n","expected":[],"actual":[["paragraph",[]]],"fallbacks":[],"matched":false}}
{"documentFlow":{"preserveComments":false,"preserveFlow":false,"number":181,"ending":"\r\n","source":"<!DOCTYPE html>\r\n","expected":[],"actual":[["paragraph",[]]],"fallbacks":[],"matched":false}}
{"documentFlow":{"preserveComments":false,"preserveFlow":false,"number":613,"ending":"\n","source":"<a><bab><c2c>\n","expected":[["paragraph",[["html-inline","a",[],[["html-inline","bab",[],[["html-inline","c2c",[],[]]]]]]]],["paragraph",[["html-inline","a",[],[]]]]],"actual":[["paragraph",[]]],"fallbacks":[],"matched":false}}
{"documentFlow":{"preserveComments":false,"preserveFlow":false,"number":613,"ending":"\r\n","source":"<a><bab><c2c>\r\n","expected":[["paragraph",[["html-inline","a",[],[["html-inline","bab",[],[["html-inline","c2c",[],[]]]]]]]],["paragraph",[["html-inline","a",[],[]]]]],"actual":[["paragraph",[]]],"fallbacks":[],"matched":false}}
{"documentFlow":{"preserveComments":false,"preserveFlow":false,"number":614,"ending":"\n","source":"<a/><b2/>\n","expected":[["paragraph",[["html-inline","a",[],[["html-inline","b2",[],[]]]]]],["paragraph",[["html-inline","a",[],[]]]]],"actual":[["paragraph",[]]],"fallbacks":[],"matched":false}}
{"documentFlow":{"preserveComments":false,"preserveFlow":false,"number":614,"ending":"\r\n","source":"<a/><b2/>\r\n","expected":[["paragraph",[["html-inline","a",[],[["html-inline","b2",[],[]]]]]],["paragraph",[["html-inline","a",[],[]]]]],"actual":[["paragraph",[]]],"fallbacks":[],"matched":false}}
{"documentFlow":{"preserveComments":false,"preserveFlow":false,"number":615,"ending":"\n","source":"<a  /><b2\ndata=\"foo\" >\n","expected":[["paragraph",[["html-inline","a",[],[["html-inline","b2",[["data","foo"]],[]]]]]],["paragraph",[["html-inline","a",[],[]]]]],"actual":[["paragraph",[]]],"fallbacks":[],"matched":false}}
{"documentFlow":{"preserveComments":false,"preserveFlow":false,"number":615,"ending":"\r\n","source":"<a  /><b2\r\ndata=\"foo\" >\r\n","expected":[["paragraph",[["html-inline","a",[],[["html-inline","b2",[["data","foo"]],[]]]]]],["paragraph",[["html-inline","a",[],[]]]]],"actual":[["paragraph",[]]],"fallbacks":[],"matched":false}}
{"documentFlow":{"preserveComments":false,"preserveFlow":false,"number":616,"ending":"\n","source":"<a foo=\"bar\" bam = 'baz <em>\"</em>'\n_boolean zoop:33=zoop:33 />\n","expected":[["paragraph",[["html-inline","a",[["_boolean",""],["bam","baz <em>\"</em>"],["foo","bar"],["zoop:33","zoop:33"]],[]]]],["paragraph",[["html-inline","a",[["_boolean",""],["bam","baz <em>\"</em>"],["foo","bar"],["zoop:33","zoop:33"]],[]]]]],"actual":[["paragraph",[]]],"fallbacks":[],"matched":false}}
{"documentFlow":{"preserveComments":false,"preserveFlow":false,"number":616,"ending":"\r\n","source":"<a foo=\"bar\" bam = 'baz <em>\"</em>'\r\n_boolean zoop:33=zoop:33 />\r\n","expected":[["paragraph",[["html-inline","a",[["_boolean",""],["bam","baz <em>\"</em>"],["foo","bar"],["zoop:33","zoop:33"]],[]]]],["paragraph",[["html-inline","a",[["_boolean",""],["bam","baz <em>\"</em>"],["foo","bar"],["zoop:33","zoop:33"]],[]]]]],"actual":[["paragraph",[]]],"fallbacks":[],"matched":false}}
{"documentFlow":{"preserveComments":false,"preserveFlow":false,"number":631,"ending":"\n","source":"foo <a href=\"\\*\">\n","expected":[["paragraph",[["text","foo "],["link","\\*",null,[]]]],["paragraph",[["link","\\*",null,[]]]]],"actual":[["paragraph",[["text","foo"]]]],"fallbacks":[],"matched":false}}
{"documentFlow":{"preserveComments":false,"preserveFlow":false,"number":631,"ending":"\r\n","source":"foo <a href=\"\\*\">\r\n","expected":[["paragraph",[["text","foo "],["link","\\*",null,[]]]],["paragraph",[["link","\\*",null,[]]]]],"actual":[["paragraph",[["text","foo"]]]],"fallbacks":[],"matched":false}}
Whole-document optional-container profile: 601/652; 1304 separate exact-source checks.
Document-flow matching ranges: 1-149,151-155,159-162,164-169,174-175,184-200,202-206,208-217,219-238,241-279,285-307,310-314,316-490,492-523,525-535,537-595,597,600,602-607,609-610,618-624,630,632-652
{"documentFlow":{"preserveComments":true,"preserveFlow":false,"number":150,"ending":"\n","source":" <div>\n  *hello*\n         <foo><a>\n","expected":[["html-block","div",[],[["paragraph",[["text","*hello* "],["html-inline","foo",[],[["html-inline","a",[],[]]]]]]]]],"actual":[["html-block","div",[],[["paragraph",[["text","*hello*"]]]]]],"fallbacks":[],"matched":false}}
{"documentFlow":{"preserveComments":true,"preserveFlow":false,"number":150,"ending":"\r\n","source":" <div>\r\n  *hello*\r\n         <foo><a>\r\n","expected":[["html-block","div",[],[["paragraph",[["text","*hello* "],["html-inline","foo",[],[["html-inline","a",[],[]]]]]]]]],"actual":[["html-block","div",[],[["paragraph",[["text","*hello*"]]]]]],"fallbacks":[],"matched":false}}
{"documentFlow":{"preserveComments":true,"preserveFlow":false,"number":156,"ending":"\n","source":"<div id=\"foo\"\n*hi*\n","expected":[],"actual":[["paragraph",[["text","<div id=\"foo\""],["hard-break"],["text","*hi*"]]]],"fallbacks":[{"reason":"error","message":"HTML recovery cannot preserve an unfinished HTML tag; inert Markdown source retained."},{"reason":"error","message":"HTML recovery cannot preserve an unfinished HTML tag; inert Markdown source retained."}],"matched":false}}
{"documentFlow":{"preserveComments":true,"preserveFlow":false,"number":156,"ending":"\r\n","source":"<div id=\"foo\"\r\n*hi*\r\n","expected":[],"actual":[["paragraph",[["text","<div id=\"foo\""],["hard-break"],["text","*hi*"]]]],"fallbacks":[{"reason":"error","message":"HTML recovery cannot preserve an unfinished HTML tag; inert Markdown source retained."},{"reason":"error","message":"HTML recovery cannot preserve an unfinished HTML tag; inert Markdown source retained."}],"matched":false}}
{"documentFlow":{"preserveComments":true,"preserveFlow":false,"number":157,"ending":"\n","source":"<div class\nfoo\n","expected":[],"actual":[["paragraph",[["text","<div class"],["hard-break"],["text","foo"]]]],"fallbacks":[{"reason":"error","message":"HTML recovery cannot preserve an unfinished HTML tag; inert Markdown source retained."},{"reason":"error","message":"HTML recovery cannot preserve an unfinished HTML tag; inert Markdown source retained."}],"matched":false}}
{"documentFlow":{"preserveComments":true,"preserveFlow":false,"number":157,"ending":"\r\n","source":"<div class\r\nfoo\r\n","expected":[],"actual":[["paragraph",[["text","<div class"],["hard-break"],["text","foo"]]]],"fallbacks":[{"reason":"error","message":"HTML recovery cannot preserve an unfinished HTML tag; inert Markdown source retained."},{"reason":"error","message":"HTML recovery cannot preserve an unfinished HTML tag; inert Markdown source retained."}],"matched":false}}
{"documentFlow":{"preserveComments":true,"preserveFlow":false,"number":158,"ending":"\n","source":"<div *???-&&&-<---\n*foo*\n","expected":[],"actual":[["paragraph",[["text","<div *???-&&&-<---"],["hard-break"],["text","*foo*"]]]],"fallbacks":[{"reason":"error","message":"HTML recovery cannot preserve an unfinished HTML tag; inert Markdown source retained."},{"reason":"error","message":"HTML recovery cannot preserve an unfinished HTML tag; inert Markdown source retained."}],"matched":false}}
{"documentFlow":{"preserveComments":true,"preserveFlow":false,"number":158,"ending":"\r\n","source":"<div *???-&&&-<---\r\n*foo*\r\n","expected":[],"actual":[["paragraph",[["text","<div *???-&&&-<---"],["hard-break"],["text","*foo*"]]]],"fallbacks":[{"reason":"error","message":"HTML recovery cannot preserve an unfinished HTML tag; inert Markdown source retained."},{"reason":"error","message":"HTML recovery cannot preserve an unfinished HTML tag; inert Markdown source retained."}],"matched":false}}
{"documentFlow":{"preserveComments":true,"preserveFlow":false,"number":181,"ending":"\n","source":"<!DOCTYPE html>\n","expected":[],"actual":[["paragraph",[]]],"fallbacks":[],"matched":false}}
{"documentFlow":{"preserveComments":true,"preserveFlow":false,"number":181,"ending":"\r\n","source":"<!DOCTYPE html>\r\n","expected":[],"actual":[["paragraph",[]]],"fallbacks":[],"matched":false}}
{"documentFlow":{"preserveComments":true,"preserveFlow":false,"number":613,"ending":"\n","source":"<a><bab><c2c>\n","expected":[["paragraph",[["html-inline","a",[],[["html-inline","bab",[],[["html-inline","c2c",[],[]]]]]]]],["paragraph",[["html-inline","a",[],[]]]]],"actual":[["paragraph",[]]],"fallbacks":[],"matched":false}}
{"documentFlow":{"preserveComments":true,"preserveFlow":false,"number":613,"ending":"\r\n","source":"<a><bab><c2c>\r\n","expected":[["paragraph",[["html-inline","a",[],[["html-inline","bab",[],[["html-inline","c2c",[],[]]]]]]]],["paragraph",[["html-inline","a",[],[]]]]],"actual":[["paragraph",[]]],"fallbacks":[],"matched":false}}
{"documentFlow":{"preserveComments":true,"preserveFlow":false,"number":614,"ending":"\n","source":"<a/><b2/>\n","expected":[["paragraph",[["html-inline","a",[],[["html-inline","b2",[],[]]]]]],["paragraph",[["html-inline","a",[],[]]]]],"actual":[["paragraph",[]]],"fallbacks":[],"matched":false}}
{"documentFlow":{"preserveComments":true,"preserveFlow":false,"number":614,"ending":"\r\n","source":"<a/><b2/>\r\n","expected":[["paragraph",[["html-inline","a",[],[["html-inline","b2",[],[]]]]]],["paragraph",[["html-inline","a",[],[]]]]],"actual":[["paragraph",[]]],"fallbacks":[],"matched":false}}
{"documentFlow":{"preserveComments":true,"preserveFlow":false,"number":615,"ending":"\n","source":"<a  /><b2\ndata=\"foo\" >\n","expected":[["paragraph",[["html-inline","a",[],[["html-inline","b2",[["data","foo"]],[]]]]]],["paragraph",[["html-inline","a",[],[]]]]],"actual":[["paragraph",[]]],"fallbacks":[],"matched":false}}
{"documentFlow":{"preserveComments":true,"preserveFlow":false,"number":615,"ending":"\r\n","source":"<a  /><b2\r\ndata=\"foo\" >\r\n","expected":[["paragraph",[["html-inline","a",[],[["html-inline","b2",[["data","foo"]],[]]]]]],["paragraph",[["html-inline","a",[],[]]]]],"actual":[["paragraph",[]]],"fallbacks":[],"matched":false}}
{"documentFlow":{"preserveComments":true,"preserveFlow":false,"number":616,"ending":"\n","source":"<a foo=\"bar\" bam = 'baz <em>\"</em>'\n_boolean zoop:33=zoop:33 />\n","expected":[["paragraph",[["html-inline","a",[["_boolean",""],["bam","baz <em>\"</em>"],["foo","bar"],["zoop:33","zoop:33"]],[]]]],["paragraph",[["html-inline","a",[["_boolean",""],["bam","baz <em>\"</em>"],["foo","bar"],["zoop:33","zoop:33"]],[]]]]],"actual":[["paragraph",[]]],"fallbacks":[],"matched":false}}
{"documentFlow":{"preserveComments":true,"preserveFlow":false,"number":616,"ending":"\r\n","source":"<a foo=\"bar\" bam = 'baz <em>\"</em>'\r\n_boolean zoop:33=zoop:33 />\r\n","expected":[["paragraph",[["html-inline","a",[["_boolean",""],["bam","baz <em>\"</em>"],["foo","bar"],["zoop:33","zoop:33"]],[]]]],["paragraph",[["html-inline","a",[["_boolean",""],["bam","baz <em>\"</em>"],["foo","bar"],["zoop:33","zoop:33"]],[]]]]],"actual":[["paragraph",[]]],"fallbacks":[],"matched":false}}
{"documentFlow":{"preserveComments":true,"preserveFlow":false,"number":631,"ending":"\n","source":"foo <a href=\"\\*\">\n","expected":[["paragraph",[["text","foo "],["link","\\*",null,[]]]],["paragraph",[["link","\\*",null,[]]]]],"actual":[["paragraph",[["text","foo"]]]],"fallbacks":[],"matched":false}}
{"documentFlow":{"preserveComments":true,"preserveFlow":false,"number":631,"ending":"\r\n","source":"foo <a href=\"\\*\">\r\n","expected":[["paragraph",[["text","foo "],["link","\\*",null,[]]]],["paragraph",[["link","\\*",null,[]]]]],"actual":[["paragraph",[["text","foo"]]]],"fallbacks":[],"matched":false}}
Whole-document optional-container+comment profile: 613/652; 1304 separate exact-source checks.
Document-flow+comment matching ranges: 1-149,151-155,159-162,164-169,174-175,177,179-180,182-200,202-206,208-217,219-238,241-279,285-314,316-490,492-523,525-535,537-595,597,600,602-607,609-610,618-630,632-652
{"documentFlow":{"preserveComments":true,"preserveFlow":true,"number":150,"ending":"\n","source":" <div>\n  *hello*\n         <foo><a>\n","expected":[["html-block","div",[],[["paragraph",[["text","*hello* "],["html-inline","foo",[],[["html-inline","a",[],[]]]]]]]]],"actual":[["html-block","div",[],[["paragraph",[["text","*hello*"]]]]]],"fallbacks":[],"matched":false}}
{"documentFlow":{"preserveComments":true,"preserveFlow":true,"number":150,"ending":"\r\n","source":" <div>\r\n  *hello*\r\n         <foo><a>\r\n","expected":[["html-block","div",[],[["paragraph",[["text","*hello* "],["html-inline","foo",[],[["html-inline","a",[],[]]]]]]]]],"actual":[["html-block","div",[],[["paragraph",[["text","*hello*"]]]]]],"fallbacks":[],"matched":false}}
{"documentFlow":{"preserveComments":true,"preserveFlow":true,"number":156,"ending":"\n","source":"<div id=\"foo\"\n*hi*\n","expected":[],"actual":[["paragraph",[["text","<div id=\"foo\""],["hard-break"],["text","*hi*"]]]],"fallbacks":[{"reason":"error","message":"HTML recovery cannot preserve an unfinished HTML tag; inert Markdown source retained."},{"reason":"error","message":"HTML recovery cannot preserve an unfinished HTML tag; inert Markdown source retained."}],"matched":false}}
{"documentFlow":{"preserveComments":true,"preserveFlow":true,"number":156,"ending":"\r\n","source":"<div id=\"foo\"\r\n*hi*\r\n","expected":[],"actual":[["paragraph",[["text","<div id=\"foo\""],["hard-break"],["text","*hi*"]]]],"fallbacks":[{"reason":"error","message":"HTML recovery cannot preserve an unfinished HTML tag; inert Markdown source retained."},{"reason":"error","message":"HTML recovery cannot preserve an unfinished HTML tag; inert Markdown source retained."}],"matched":false}}
{"documentFlow":{"preserveComments":true,"preserveFlow":true,"number":157,"ending":"\n","source":"<div class\nfoo\n","expected":[],"actual":[["paragraph",[["text","<div class"],["hard-break"],["text","foo"]]]],"fallbacks":[{"reason":"error","message":"HTML recovery cannot preserve an unfinished HTML tag; inert Markdown source retained."},{"reason":"error","message":"HTML recovery cannot preserve an unfinished HTML tag; inert Markdown source retained."}],"matched":false}}
{"documentFlow":{"preserveComments":true,"preserveFlow":true,"number":157,"ending":"\r\n","source":"<div class\r\nfoo\r\n","expected":[],"actual":[["paragraph",[["text","<div class"],["hard-break"],["text","foo"]]]],"fallbacks":[{"reason":"error","message":"HTML recovery cannot preserve an unfinished HTML tag; inert Markdown source retained."},{"reason":"error","message":"HTML recovery cannot preserve an unfinished HTML tag; inert Markdown source retained."}],"matched":false}}
{"documentFlow":{"preserveComments":true,"preserveFlow":true,"number":158,"ending":"\n","source":"<div *???-&&&-<---\n*foo*\n","expected":[],"actual":[["paragraph",[["text","<div *???-&&&-<---"],["hard-break"],["text","*foo*"]]]],"fallbacks":[{"reason":"error","message":"HTML recovery cannot preserve an unfinished HTML tag; inert Markdown source retained."},{"reason":"error","message":"HTML recovery cannot preserve an unfinished HTML tag; inert Markdown source retained."}],"matched":false}}
{"documentFlow":{"preserveComments":true,"preserveFlow":true,"number":158,"ending":"\r\n","source":"<div *???-&&&-<---\r\n*foo*\r\n","expected":[],"actual":[["paragraph",[["text","<div *???-&&&-<---"],["hard-break"],["text","*foo*"]]]],"fallbacks":[{"reason":"error","message":"HTML recovery cannot preserve an unfinished HTML tag; inert Markdown source retained."},{"reason":"error","message":"HTML recovery cannot preserve an unfinished HTML tag; inert Markdown source retained."}],"matched":false}}
{"documentFlow":{"preserveComments":true,"preserveFlow":true,"number":181,"ending":"\n","source":"<!DOCTYPE html>\n","expected":[],"actual":[["paragraph",[]]],"fallbacks":[],"matched":false}}
{"documentFlow":{"preserveComments":true,"preserveFlow":true,"number":181,"ending":"\r\n","source":"<!DOCTYPE html>\r\n","expected":[],"actual":[["paragraph",[]]],"fallbacks":[],"matched":false}}
{"documentFlow":{"preserveComments":true,"preserveFlow":true,"number":613,"ending":"\n","source":"<a><bab><c2c>\n","expected":[["paragraph",[["html-inline","a",[],[["html-inline","bab",[],[["html-inline","c2c",[],[]]]]]]]],["paragraph",[["html-inline","a",[],[]]]]],"actual":[["paragraph",[]]],"fallbacks":[],"matched":false}}
{"documentFlow":{"preserveComments":true,"preserveFlow":true,"number":613,"ending":"\r\n","source":"<a><bab><c2c>\r\n","expected":[["paragraph",[["html-inline","a",[],[["html-inline","bab",[],[["html-inline","c2c",[],[]]]]]]]],["paragraph",[["html-inline","a",[],[]]]]],"actual":[["paragraph",[]]],"fallbacks":[],"matched":false}}
{"documentFlow":{"preserveComments":true,"preserveFlow":true,"number":614,"ending":"\n","source":"<a/><b2/>\n","expected":[["paragraph",[["html-inline","a",[],[["html-inline","b2",[],[]]]]]],["paragraph",[["html-inline","a",[],[]]]]],"actual":[["paragraph",[]]],"fallbacks":[],"matched":false}}
{"documentFlow":{"preserveComments":true,"preserveFlow":true,"number":614,"ending":"\r\n","source":"<a/><b2/>\r\n","expected":[["paragraph",[["html-inline","a",[],[["html-inline","b2",[],[]]]]]],["paragraph",[["html-inline","a",[],[]]]]],"actual":[["paragraph",[]]],"fallbacks":[],"matched":false}}
{"documentFlow":{"preserveComments":true,"preserveFlow":true,"number":615,"ending":"\n","source":"<a  /><b2\ndata=\"foo\" >\n","expected":[["paragraph",[["html-inline","a",[],[["html-inline","b2",[["data","foo"]],[]]]]]],["paragraph",[["html-inline","a",[],[]]]]],"actual":[["paragraph",[]]],"fallbacks":[],"matched":false}}
{"documentFlow":{"preserveComments":true,"preserveFlow":true,"number":615,"ending":"\r\n","source":"<a  /><b2\r\ndata=\"foo\" >\r\n","expected":[["paragraph",[["html-inline","a",[],[["html-inline","b2",[["data","foo"]],[]]]]]],["paragraph",[["html-inline","a",[],[]]]]],"actual":[["paragraph",[]]],"fallbacks":[],"matched":false}}
{"documentFlow":{"preserveComments":true,"preserveFlow":true,"number":616,"ending":"\n","source":"<a foo=\"bar\" bam = 'baz <em>\"</em>'\n_boolean zoop:33=zoop:33 />\n","expected":[["paragraph",[["html-inline","a",[["_boolean",""],["bam","baz <em>\"</em>"],["foo","bar"],["zoop:33","zoop:33"]],[]]]],["paragraph",[["html-inline","a",[["_boolean",""],["bam","baz <em>\"</em>"],["foo","bar"],["zoop:33","zoop:33"]],[]]]]],"actual":[["paragraph",[]]],"fallbacks":[],"matched":false}}
{"documentFlow":{"preserveComments":true,"preserveFlow":true,"number":616,"ending":"\r\n","source":"<a foo=\"bar\" bam = 'baz <em>\"</em>'\r\n_boolean zoop:33=zoop:33 />\r\n","expected":[["paragraph",[["html-inline","a",[["_boolean",""],["bam","baz <em>\"</em>"],["foo","bar"],["zoop:33","zoop:33"]],[]]]],["paragraph",[["html-inline","a",[["_boolean",""],["bam","baz <em>\"</em>"],["foo","bar"],["zoop:33","zoop:33"]],[]]]]],"actual":[["paragraph",[]]],"fallbacks":[],"matched":false}}
{"documentFlow":{"preserveComments":true,"preserveFlow":true,"number":631,"ending":"\n","source":"foo <a href=\"\\*\">\n","expected":[["paragraph",[["text","foo "],["link","\\*",null,[]]]],["paragraph",[["link","\\*",null,[]]]]],"actual":[["paragraph",[["text","foo"]]]],"fallbacks":[],"matched":false}}
{"documentFlow":{"preserveComments":true,"preserveFlow":true,"number":631,"ending":"\r\n","source":"foo <a href=\"\\*\">\r\n","expected":[["paragraph",[["text","foo "],["link","\\*",null,[]]]],["paragraph",[["link","\\*",null,[]]]]],"actual":[["paragraph",[["text","foo"]]]],"fallbacks":[],"matched":false}}
Whole-document optional-container+comment+anonymous-flow profile: 613/652; 1304 separate exact-source checks.
Document-flow+comment matching ranges: 1-149,151-155,159-162,164-169,174-175,177,179-180,182-200,202-206,208-217,219-238,241-279,285-314,316-490,492-523,525-535,537-595,597,600,602-607,609-610,618-630,632-652
