
 RUN  v5.0.0 C:/Users/cappu/Desktop/paoloapp/failures/Fountainjs-App

 ❯ tests/inline-link-view.test.ts (9 tests | 3 failed) 158ms
   ❯ inline link view projection (9)
     × retains empty strong wrappers with and without a boundary widget 92ms
     × retains empty link wrappers with and without a boundary widget 11ms
     × retains empty strong-link wrappers with and without a boundary widget 10ms

⎯⎯⎯⎯⎯⎯⎯ Failed Tests 3 ⎯⎯⎯⎯⎯⎯⎯

 FAIL  tests/inline-link-view.test.ts > inline link view projection > retains empty strong wrappers with and without a boundary widget
 FAIL  tests/inline-link-view.test.ts > inline link view projection > retains empty strong-link wrappers with and without a boundary widget
AssertionError: expected null not to be null
 ❯ tests/inline-link-view.test.ts:35:79
     33|         }, 0) as HTMLElement;
     34|         const leaf = dom.querySelector('[data-fountain-text-path="0.0"…
     35|         if (kind.includes('strong')) expect(leaf.querySelector('strong…
       |                                                                               ^
     36|         if (kind.includes('link')) {
     37|           expect(dom.querySelector('a')).not.toBeNull();

⎯⎯⎯⎯⎯⎯⎯⎯⎯⎯⎯⎯⎯⎯⎯⎯⎯⎯⎯⎯⎯⎯⎯⎯[1/3]⎯

 FAIL  tests/inline-link-view.test.ts > inline link view projection > retains empty link wrappers with and without a boundary widget
AssertionError: expected null not to be null
 ❯ tests/inline-link-view.test.ts:37:46
     35|         if (kind.includes('strong')) expect(leaf.querySelector('strong…
     36|         if (kind.includes('link')) {
     37|           expect(dom.querySelector('a')).not.toBeNull();
       |                                              ^
     38|           expect(dom.querySelector('a[href]')).toBeNull();
     39|         }

⎯⎯⎯⎯⎯⎯⎯⎯⎯⎯⎯⎯⎯⎯⎯⎯⎯⎯⎯⎯⎯⎯⎯⎯[2/3]⎯


 Test Files  1 failed (1)
      Tests  3 failed | 6 passed (9)
   Start at  05:23:59
   Duration  3.56s (transform 36%, import 30%, environment 29%, tests 5%)

