
 RUN  v5.0.0 C:/Users/cappu/Desktop/paoloapp/failures/Fountainjs-App

 ❯ tests/list-auto-scope.test.ts (16 tests | 3 failed) 39ms
   ❯ shared automatic list scopes (16)
     × can rewrap a lifted paragraph without leaving or duplicating its shared context 10ms
     × wraps sibling paragraphs inside blockquote, retaining range endpoints 2ms
     × wraps sibling paragraphs inside direction_scope, retaining range endpoints 1ms

⎯⎯⎯⎯⎯⎯⎯ Failed Tests 3 ⎯⎯⎯⎯⎯⎯⎯

 FAIL  tests/list-auto-scope.test.ts > shared automatic list scopes > can rewrap a lifted paragraph without leaving or duplicating its shared context
AssertionError: expected false to be true // Object.is equality

- Expected
+ Received

- true
+ false

 ❯ tests/list-auto-scope.test.ts:22:42
     20|     const editor = make(); expect(outdentListItem(editor)).toBe(true);
     21|     const lifted = editor.getJSON();
     22|     expect(toggleList(editor, 'bullet')).toBe(true);
       |                                          ^
     23|     const scope = editor.state.doc.child(0);
     24|     expect(scope.type.name).toBe('direction_scope');

⎯⎯⎯⎯⎯⎯⎯⎯⎯⎯⎯⎯⎯⎯⎯⎯⎯⎯⎯⎯⎯⎯⎯⎯[1/3]⎯

 FAIL  tests/list-auto-scope.test.ts > shared automatic list scopes > wraps sibling paragraphs inside blockquote, retaining range endpoints
 FAIL  tests/list-auto-scope.test.ts > shared automatic list scopes > wraps sibling paragraphs inside direction_scope, retaining range endpoints
AssertionError: expected false to be true // Object.is equality

- Expected
+ Received

- true
+ false

 ❯ tests/list-auto-scope.test.ts:35:40
     33|     const editor = make(CoreSchemaSpec, { type, attrs: { dir: 'auto' }…
     34|     editor.dispatch(editor.createTransaction().setSelection(Selection.…
     35|     expect(toggleList(editor, 'task')).toBe(true);
       |                                        ^
     36|     expect(editor.state.doc.child(0).type.name).toBe(type);
     37|     expect(editor.state.doc.child(0).child(0).type.name).toBe('task_li…

⎯⎯⎯⎯⎯⎯⎯⎯⎯⎯⎯⎯⎯⎯⎯⎯⎯⎯⎯⎯⎯⎯⎯⎯[2/3]⎯


 Test Files  1 failed (1)
      Tests  3 failed | 13 passed (16)
   Start at  01:44:17
   Duration  2.28s (transform 53%, import 45%, tests 2%)

