[WebServer] (node:16496) Warning: The 'NO_COLOR' env is ignored due to the 'FORCE_COLOR' env being set.
[WebServer] (Use `node --trace-warnings ...` to show where the warning was created)
[WebServer] $ vite build -c vite.lib.config.ts && tsc -p tsconfig.build.json && node scripts/copy-assets.mjs && pnpm build:angular
[WebServer] (node:10636) Warning: The 'NO_COLOR' env is ignored due to the 'FORCE_COLOR' env being set.
[WebServer] (Use `node --trace-warnings ...` to show where the warning was created)
[WebServer] (node:24196) Warning: The 'NO_COLOR' env is ignored due to the 'FORCE_COLOR' env being set.
[WebServer] (Use `node --trace-warnings ...` to show where the warning was created)
[WebServer] $ pnpm --dir tools/angular-build exec ngc -p ../../tsconfig.angular.json && pnpm build:angular-demo
[WebServer] (node:27108) Warning: The 'NO_COLOR' env is ignored due to the 'FORCE_COLOR' env being set.
[WebServer] (Use `node --trace-warnings ...` to show where the warning was created)
[WebServer] (node:26592) Warning: The 'NO_COLOR' env is ignored due to the 'FORCE_COLOR' env being set.
[WebServer] (Use `node --trace-warnings ...` to show where the warning was created)
[WebServer] (node:24788) Warning: The 'NO_COLOR' env is ignored due to the 'FORCE_COLOR' env being set.
[WebServer] (Use `node --trace-warnings ...` to show where the warning was created)
[WebServer] $ pnpm --dir tools/angular-build exec ngc -p ../../tsconfig.angular-demo.json
[WebServer] (node:10860) Warning: The 'NO_COLOR' env is ignored due to the 'FORCE_COLOR' env being set.
[WebServer] (Use `node --trace-warnings ...` to show where the warning was created)
[WebServer] (node:11488) Warning: The 'NO_COLOR' env is ignored due to the 'FORCE_COLOR' env being set.
[WebServer] (Use `node --trace-warnings ...` to show where the warning was created)
[WebServer] (node:28232) Warning: The 'NO_COLOR' env is ignored due to the 'FORCE_COLOR' env being set.
[WebServer] (Use `node --trace-warnings ...` to show where the warning was created)
[WebServer] (node:26024) Warning: The 'NO_COLOR' env is ignored due to the 'FORCE_COLOR' env being set.
[WebServer] (Use `node --trace-warnings ...` to show where the warning was created)
[WebServer] error when starting dev server:
[WebServer] Error: Port 4173 is already in use
[WebServer]     at httpServerStart (file:///C:/Users/cappu/Desktop/paoloapp/failures/Fountainjs-App/node_modules/.pnpm/vite@8.2.2_@types+node@26.4.1/node_modules/vite/dist/node/chunks/node.js:11681:10)
[WebServer]     at process.processTicksAndRejections (node:internal/process/task_queues:104:5)
[WebServer]     at async startServer (file:///C:/Users/cappu/Desktop/paoloapp/failures/Fountainjs-App/node_modules/.pnpm/vite@8.2.2_@types+node@26.4.1/node_modules/vite/dist/node/chunks/node.js:26694:30)
[WebServer]     at async Object.listen (file:///C:/Users/cappu/Desktop/paoloapp/failures/Fountainjs-App/node_modules/.pnpm/vite@8.2.2_@types+node@26.4.1/node_modules/vite/dist/node/chunks/node.js:26511:4)
[WebServer]     at async CAC.<anonymous> (file:///C:/Users/cappu/Desktop/paoloapp/failures/Fountainjs-App/node_modules/.pnpm/vite@8.2.2_@types+node@26.4.1/node_modules/vite/dist/node/cli.js:721:3)
Error: Process from config.webServer was not able to start. Exit code: 1

