$ vite build -c vite.lib.config.ts && tsc -p tsconfig.build.json && node scripts/copy-assets.mjs && pnpm build:angular
vite v8.2.2 building client environment for production...
transforming...
✓ 302 modules transformed.
rendering chunks...
computing gzip size...
dist/step-doAGd4iU.js                       0.20 kB │ gzip:  0.18 kB │ map:   0.41 kB
dist/plugin-B0KSKRXJ.js                     0.39 kB │ gzip:  0.28 kB │ map:   3.23 kB
dist/node-spec-Dl5lMC1C.js                  0.64 kB │ gzip:  0.37 kB │ map:   8.05 kB
dist/text-style.js                          0.87 kB │ gzip:  0.39 kB
dist/url-sjMj-efj.js                        1.03 kB │ gzip:  0.52 kB │ map:   2.68 kB
dist/svelte.js                              1.08 kB │ gzip:  0.55 kB │ map:   3.58 kB
dist/useFountain-DQ8gXlvr.js                1.09 kB │ gzip:  0.57 kB │ map:   3.25 kB
dist/command-manager-CSDUCeVE.js            1.32 kB │ gzip:  0.62 kB │ map:   6.46 kB
dist/collaboration-BubriAbK.js              1.44 kB │ gzip:  0.71 kB │ map:   3.60 kB
dist/react-widgets.js                       1.57 kB │ gzip:  0.67 kB │ map:   5.52 kB
dist/vue.js                                 1.72 kB │ gzip:  0.86 kB │ map:   4.53 kB
dist/inline-atom-BLfPalX5.js                1.76 kB │ gzip:  0.78 kB │ map:   5.30 kB
dist/path-B7Cr90vg.js                       1.89 kB │ gzip:  0.89 kB │ map:   5.80 kB
dist/search-CLj2oPC9.js                     1.99 kB │ gzip:  0.95 kB │ map:   6.14 kB
dist/history-CluGKD04.js                    2.71 kB │ gzip:  1.12 kB │ map:   7.84 kB
dist/html-page-settings-BniO1ltv.js         2.78 kB │ gzip:  1.16 kB │ map:   8.24 kB
dist/content-expression-CuobUc-r.js         2.87 kB │ gzip:  1.12 kB │ map:   7.89 kB
dist/input-rules-EH0whXGW.js                2.99 kB │ gzip:  1.31 kB │ map:   9.02 kB
dist/decoration-CuT1b7BC.js                 3.14 kB │ gzip:  1.23 kB │ map:  10.15 kB
dist/extension-Cfbujo9B.js                  3.20 kB │ gzip:  1.27 kB │ map:  10.62 kB
dist/replace-text-range-step-DDj1wpRU.js    3.28 kB │ gzip:  1.21 kB │ map:   9.56 kB
dist/table-map-Du2VwT8u.js                  3.47 kB │ gzip:  1.41 kB │ map:  10.05 kB
dist/mark-range-step-Jo1iPQSu.js            3.48 kB │ gzip:  1.08 kB │ map:  10.32 kB
dist/node-CMohf4dR.js                       3.90 kB │ gzip:  1.36 kB │ map:  10.26 kB
dist/html-flow-4NPi0N-n.js                  4.47 kB │ gzip:  1.85 kB │ map:  11.72 kB
dist/widgets-dom.js                         4.74 kB │ gzip:  1.67 kB │ map:  13.70 kB
dist/text-style-CMDMBL9V.js                 4.82 kB │ gzip:  1.60 kB │ map:  15.05 kB
dist/link-destination-BI0iIv7E.js           5.06 kB │ gzip:  1.94 kB │ map:  14.80 kB
dist/integrity-dom.js                       5.07 kB │ gzip:  1.98 kB │ map:  14.22 kB
dist/table-of-contents.js                   5.69 kB │ gzip:  2.34 kB │ map:  17.63 kB
dist/html-inert.js                          6.16 kB │ gzip:  2.55 kB │ map:  13.93 kB
dist/testing.js                             6.49 kB │ gzip:  2.31 kB │ map:  18.97 kB
dist/selection-Du4v48EK.js                  6.52 kB │ gzip:  2.21 kB │ map:  19.93 kB
dist/table-layout-CcmXrWN5.js               6.98 kB │ gzip:  2.51 kB │ map:  19.64 kB
dist/migrations.js                          7.04 kB │ gzip:  2.23 kB │ map:  19.76 kB
dist/react-tracked-changes.js               7.65 kB │ gzip:  2.34 kB │ map:  13.99 kB
dist/details.js                             7.72 kB │ gzip:  2.65 kB │ map:  21.54 kB
dist/mapping-BbhEodcc.js                    7.76 kB │ gzip:  2.66 kB │ map:  24.89 kB
dist/react-integrity.js                     8.09 kB │ gzip:  2.42 kB │ map:  13.31 kB
dist/menu-position-NmqH0Yl2.js              8.23 kB │ gzip:  3.05 kB │ map:  25.35 kB
dist/node-ids.js                            8.74 kB │ gzip:  3.14 kB │ map:  28.06 kB
dist/widgets.js                             8.78 kB │ gzip:  3.21 kB │ map:  27.94 kB
dist/core.js                                9.04 kB │ gzip:  3.16 kB
dist/react-comments.js                      9.78 kB │ gzip:  2.75 kB │ map:  17.76 kB
dist/structured-attributes.js              10.03 kB │ gzip:  2.96 kB │ map:  31.46 kB
dist/react-versions.js                     10.06 kB │ gzip:  2.75 kB │ map:  18.26 kB
dist/collaboration-core-B-I53ZbT.js        10.29 kB │ gzip:  3.23 kB │ map:  32.95 kB
dist/ai-generated-media.js                 10.71 kB │ gzip:  3.28 kB │ map:  27.57 kB
dist/ruby.js                               10.92 kB │ gzip:  3.49 kB │ map:  28.83 kB
dist/page-settings-Bqt82pEY.js             11.19 kB │ gzip:  3.73 kB │ map:  32.14 kB
dist/pages.js                              11.27 kB │ gzip:  3.60 kB │ map:  28.76 kB
dist/integrity.js                          11.46 kB │ gzip:  3.63 kB │ map:  30.86 kB
dist/pages-preview.js                      13.47 kB │ gzip:  4.45 kB │ map:  37.18 kB
dist/editor-CMX7ABLq.js                    15.16 kB │ gzip:  4.48 kB │ map:  43.81 kB
dist/ai-conversation.js                    15.96 kB │ gzip:  4.46 kB │ map:  41.86 kB
dist/ai-document-tools.js                  16.83 kB │ gzip:  4.71 kB │ map:  45.73 kB
dist/emoji-d95Llc1B.js                     17.42 kB │ gzip:  5.72 kB │ map:  46.29 kB
dist/link-behavior-D4xw4Wgs.js             18.29 kB │ gzip:  6.84 kB │ map:  48.24 kB
dist/presentation-_RsWq19D.js              21.37 kB │ gzip:  6.17 kB │ map:  64.52 kB
dist/document-utilities.js                 23.88 kB │ gzip:  7.49 kB │ map:  67.80 kB
dist/yjs.js                                27.47 kB │ gzip:  7.82 kB │ map:  75.97 kB
dist/tracked-changes.js                    28.57 kB │ gzip:  8.09 kB │ map:  85.58 kB
dist/versions.js                           29.34 kB │ gzip:  7.76 kB │ map:  80.63 kB
dist/comments.js                           29.77 kB │ gzip:  8.57 kB │ map:  87.59 kB
dist/extensions-DWjBwC_9.js                32.89 kB │ gzip:  9.33 kB │ map:  85.77 kB
dist/media-DwtdSPAe.js                     42.41 kB │ gzip: 12.00 kB │ map: 109.34 kB
dist/markdown-html-83ZGjqmO.js             43.57 kB │ gzip: 23.96 kB │ map:  74.66 kB
dist/pages-dom.js                          53.72 kB │ gzip: 13.34 kB │ map: 147.72 kB
dist/commands-D37wIOMZ.js                  81.64 kB │ gzip: 21.26 kB │ map: 234.44 kB
dist/index.js                              82.79 kB │ gzip: 24.39 kB │ map: 179.78 kB
dist/text-exporter-BK8atRoz.js             87.00 kB │ gzip: 25.27 kB │ map: 266.77 kB
dist/react.js                              92.10 kB │ gzip: 21.58 kB │ map: 183.72 kB
dist/view-B4zv9QTG.js                     116.38 kB │ gzip: 28.77 kB │ map: 299.21 kB
dist/docx.js                              187.85 kB │ gzip: 53.91 kB │ map: 516.62 kB
dist/html-server.js                       261.36 kB │ gzip: 59.32 kB │ map: 769.89 kB
dist/emoji-data.js                        331.40 kB │ gzip: 30.88 kB │ map: 467.62 kB

transforming...
✓ 302 modules transformed.
rendering chunks...
computing gzip size...
dist/step-CICBu9Xg.cjs                       0.20 kB │ gzip:  0.18 kB │ map:   0.42 kB
dist/plugin-DlQkwKdU.cjs                     0.48 kB │ gzip:  0.27 kB │ map:   3.21 kB
dist/node-spec-owlJN_nc.cjs                  0.59 kB │ gzip:  0.36 kB │ map:   8.05 kB
dist/rolldown-runtime-Chgba0Kb.cjs           0.77 kB │ gzip:  0.41 kB
dist/text-style.cjs                          0.87 kB │ gzip:  0.36 kB
dist/svelte.cjs                              0.89 kB │ gzip:  0.51 kB │ map:   3.64 kB
dist/url-Co8QRAHd.cjs                        0.92 kB │ gzip:  0.51 kB │ map:   2.68 kB
dist/useFountain-C16zq9TV.cjs                0.96 kB │ gzip:  0.52 kB │ map:   3.30 kB
dist/command-manager-DU4ahU5C.cjs            1.06 kB │ gzip:  0.55 kB │ map:   6.45 kB
dist/collaboration-DHfWMt2l.cjs              1.26 kB │ gzip:  0.63 kB │ map:   3.61 kB
dist/react-widgets.cjs                       1.33 kB │ gzip:  0.63 kB │ map:   5.62 kB
dist/vue.cjs                                 1.45 kB │ gzip:  0.76 kB │ map:   4.76 kB
dist/inline-atom-Cg88XSNe.cjs                1.53 kB │ gzip:  0.70 kB │ map:   5.34 kB
dist/search-Cb5HWhnF.cjs                     1.76 kB │ gzip:  0.87 kB │ map:   6.15 kB
dist/path-DDY3uxw-.cjs                       1.98 kB │ gzip:  0.82 kB │ map:   5.79 kB
dist/content-expression-YXcFdjFU.cjs         2.15 kB │ gzip:  0.98 kB │ map:   7.85 kB
dist/html-page-settings-CHmUedrc.cjs         2.52 kB │ gzip:  1.03 kB │ map:   8.22 kB
dist/table-map-Dbo_d2TT.cjs                  2.65 kB │ gzip:  1.23 kB │ map:  10.02 kB
dist/input-rules-HXvPuvbc.cjs                2.66 kB │ gzip:  1.16 kB │ map:   9.04 kB
dist/decoration-jVx4B2Pl.cjs                 2.68 kB │ gzip:  1.13 kB │ map:  10.14 kB
dist/replace-text-range-step-VHOaDNVn.cjs    2.69 kB │ gzip:  1.07 kB │ map:   9.63 kB
dist/history-C1iHQbdz.cjs                    2.76 kB │ gzip:  1.03 kB │ map:   7.85 kB
dist/extension-Sb4ErwsF.cjs                  2.86 kB │ gzip:  1.17 kB │ map:  10.59 kB
dist/mark-range-step-DOJDyOsP.cjs            3.02 kB │ gzip:  0.92 kB │ map:  10.34 kB
dist/node-D26sG_e5.cjs                       3.35 kB │ gzip:  1.25 kB │ map:  10.25 kB
dist/widgets-dom.cjs                         4.02 kB │ gzip:  1.53 kB │ map:  13.67 kB
dist/html-flow-DiWGJYbx.cjs                  4.18 kB │ gzip:  1.68 kB │ map:  11.78 kB
dist/integrity-dom.cjs                       4.36 kB │ gzip:  1.82 kB │ map:  14.27 kB
dist/table-of-contents.cjs                   4.75 kB │ gzip:  2.12 kB │ map:  17.66 kB
dist/text-style-DmndqCVx.cjs                 5.08 kB │ gzip:  1.44 kB │ map:  15.23 kB
dist/html-inert.cjs                          5.19 kB │ gzip:  2.36 kB │ map:  13.94 kB
dist/link-destination-DZ7dwWJr.cjs           5.32 kB │ gzip:  1.64 kB │ map:  14.84 kB
dist/testing.cjs                             5.43 kB │ gzip:  2.08 kB │ map:  18.97 kB
dist/selection-DrO1gWsj.cjs                  5.65 kB │ gzip:  1.97 kB │ map:  19.95 kB
dist/react-tracked-changes.cjs               5.71 kB │ gzip:  2.01 kB │ map:  14.60 kB
dist/migrations.cjs                          6.10 kB │ gzip:  2.00 kB │ map:  19.78 kB
dist/react-integrity.cjs                     6.18 kB │ gzip:  2.18 kB │ map:  14.15 kB
dist/details.cjs                             6.35 kB │ gzip:  2.39 kB │ map:  21.62 kB
dist/mapping-LRwd6pqd.cjs                    6.55 kB │ gzip:  2.36 kB │ map:  24.97 kB
dist/table-layout-r-zMRyTz.cjs               6.66 kB │ gzip:  2.26 kB │ map:  19.62 kB
dist/react-comments.cjs                      7.05 kB │ gzip:  2.28 kB │ map:  18.76 kB
dist/node-ids.cjs                            7.18 kB │ gzip:  2.82 kB │ map:  28.03 kB
dist/menu-position-Br4SWWGP.cjs              7.21 kB │ gzip:  2.71 kB │ map:  25.43 kB
dist/widgets.cjs                             7.33 kB │ gzip:  2.88 kB │ map:  28.00 kB
dist/react-versions.cjs                      7.37 kB │ gzip:  2.35 kB │ map:  19.28 kB
dist/core.cjs                                8.24 kB │ gzip:  2.43 kB
dist/structured-attributes.cjs               8.41 kB │ gzip:  2.71 kB │ map:  31.45 kB
dist/ai-generated-media.cjs                  9.11 kB │ gzip:  2.97 kB │ map:  27.49 kB
dist/ruby.cjs                                9.18 kB │ gzip:  3.14 kB │ map:  28.80 kB
dist/integrity.cjs                           9.36 kB │ gzip:  3.32 kB │ map:  30.88 kB
dist/pages.cjs                               9.36 kB │ gzip:  3.21 kB │ map:  28.86 kB
dist/collaboration-core-6QLxBCsv.cjs         9.37 kB │ gzip:  2.92 kB │ map:  32.93 kB
dist/page-settings-BTDzBnRH.cjs             10.15 kB │ gzip:  3.43 kB │ map:  32.11 kB
dist/pages-preview.cjs                      11.42 kB │ gzip:  4.09 kB │ map:  37.00 kB
dist/editor-Ce4QfnkJ.cjs                    13.24 kB │ gzip:  4.10 kB │ map:  43.90 kB
dist/ai-conversation.cjs                    13.42 kB │ gzip:  4.04 kB │ map:  41.75 kB
dist/ai-document-tools.cjs                  13.93 kB │ gzip:  4.22 kB │ map:  45.71 kB
dist/emoji-BDIc2ie7.cjs                     14.66 kB │ gzip:  5.12 kB │ map:  46.33 kB
dist/link-behavior-BPELa4lN.cjs             16.42 kB │ gzip:  6.30 kB │ map:  48.32 kB
dist/presentation-DrPDmb6z.cjs              17.92 kB │ gzip:  5.47 kB │ map:  64.36 kB
dist/document-utilities.cjs                 19.37 kB │ gzip:  6.71 kB │ map:  67.92 kB
dist/yjs.cjs                                22.89 kB │ gzip:  7.13 kB │ map:  75.74 kB
dist/tracked-changes.cjs                    23.66 kB │ gzip:  7.30 kB │ map:  85.59 kB
dist/comments.cjs                           24.18 kB │ gzip:  7.65 kB │ map:  87.59 kB
dist/versions.cjs                           24.36 kB │ gzip:  7.06 kB │ map:  80.44 kB
dist/extensions-C3nEo9n6.cjs                30.71 kB │ gzip:  8.29 kB │ map:  86.11 kB
dist/media-DzlxPEiq.cjs                     35.02 kB │ gzip: 10.76 kB │ map: 109.44 kB
dist/markdown-html-DD8ATANg.cjs             41.42 kB │ gzip: 23.40 kB │ map:  74.55 kB
dist/pages-dom.cjs                          44.81 kB │ gzip: 12.13 kB │ map: 147.15 kB
dist/text-exporter-B1RTm6eU.cjs             68.00 kB │ gzip: 22.71 kB │ map: 266.12 kB
dist/react.cjs                              69.17 kB │ gzip: 18.66 kB │ map: 192.48 kB
dist/index.cjs                              70.12 kB │ gzip: 21.11 kB │ map: 179.78 kB
dist/commands-CcEuUvzU.cjs                  72.68 kB │ gzip: 19.60 kB │ map: 235.49 kB
dist/view-rDagl5H5.cjs                      99.22 kB │ gzip: 26.21 kB │ map: 298.54 kB
dist/docx.cjs                              151.87 kB │ gzip: 48.53 kB │ map: 515.54 kB
dist/html-server.cjs                       212.48 kB │ gzip: 54.13 kB │ map: 767.03 kB
dist/emoji-data.cjs                        274.54 kB │ gzip: 30.24 kB │ map: 451.98 kB

✓ built in 1.68s
$ pnpm --dir tools/angular-build exec ngc -p ../../tsconfig.angular.json && pnpm build:angular-demo
$ pnpm --dir tools/angular-build exec ngc -p ../../tsconfig.angular-demo.json
