100 blocks: local p50 0.15 ms, p95 0.46 ms; incremental remote p50 0.17 ms, p95 0.80 ms; JSON boundary p50 1.35 ms, p95 5.24 ms
1,000 blocks: local p50 0.09 ms, p95 1.57 ms; incremental remote p50 0.10 ms, p95 0.17 ms; JSON boundary p50 12.60 ms, p95 18.25 ms
5,000 blocks: local p50 0.33 ms, p95 1.41 ms; incremental remote p50 0.41 ms, p95 0.71 ms; JSON boundary p50 54.33 ms, p95 76.37 ms
10,000 blocks: local p50 1.00 ms, p95 1.80 ms; incremental remote p50 0.91 ms, p95 1.66 ms; JSON boundary p50 102.12 ms, p95 199.57 ms
100 HTML blocks: server parse p50 16.58 ms, p95 26.71 ms
1,000 HTML blocks: server parse p50 72.40 ms, p95 122.24 ms
5,000 HTML blocks: server parse p50 374.80 ms, p95 405.85 ms
10,000 HTML blocks: server parse p50 716.38 ms, p95 794.75 ms
server HTML 1,000→10,000 median growth: 9.89x / 15x
local 1,000→10,000 median growth: 10.83x / 15x
incremental remote 1,000→10,000 median growth: 9.13x / 15x
2,000-edit live-session heap growth: 0.00 MiB / 8 MiB
destroyed-editor retained heap: 0.06 MiB / 16 MiB
retained 10,000-block server HTML document: 14.30 MiB / 48 MiB
file:///C:/Users/cappu/Desktop/paoloapp/failures/Fountainjs-App/scripts/check-performance-budgets.mjs:217
if (failures.length) throw new Error(`Performance budget failed:\n- ${failures.join('\n- ')}`);
                           ^

Error: Performance budget failed:
- 1000-block server HTML p95 122.24 ms exceeds 120 ms
    at file:///C:/Users/cappu/Desktop/paoloapp/failures/Fountainjs-App/scripts/check-performance-budgets.mjs:217:28
    at ModuleJob.run (node:internal/modules/esm/module_job:439:25)
    at async node:internal/modules/esm/loader:643:26
    at async asyncRunEntryPointWithESMLoader (node:internal/modules/run_main:101:5)

Node.js v24.19.0
