100 blocks: local p50 0.31 ms, p95 2.03 ms; incremental remote p50 0.13 ms, p95 3.11 ms; JSON boundary p50 1.35 ms, p95 11.55 ms
1,000 blocks: local p50 0.10 ms, p95 2.05 ms; incremental remote p50 0.14 ms, p95 0.35 ms; JSON boundary p50 26.42 ms, p95 111.51 ms
5,000 blocks: local p50 1.33 ms, p95 18.70 ms; incremental remote p50 0.42 ms, p95 0.67 ms; JSON boundary p50 141.37 ms, p95 213.75 ms
10,000 blocks: local p50 3.40 ms, p95 13.68 ms; incremental remote p50 1.02 ms, p95 1.71 ms; JSON boundary p50 127.31 ms, p95 199.50 ms
100 HTML blocks: server parse p50 20.97 ms, p95 25.25 ms
1,000 HTML blocks: server parse p50 97.94 ms, p95 145.82 ms
5,000 HTML blocks: server parse p50 457.38 ms, p95 526.49 ms
10,000 HTML blocks: server parse p50 1015.12 ms, p95 1468.90 ms
server HTML 1,000→10,000 median growth: 10.36x / 15x
local 1,000→10,000 median growth: 32.71x / 15x
incremental remote 1,000→10,000 median growth: 7.58x / 15x
2,000-edit live-session heap growth: 0.00 MiB / 8 MiB
destroyed-editor retained heap: 0.06 MiB / 16 MiB
retained 10,000-block server HTML document: 15.19 MiB / 48 MiB
file:///C:/Users/cappu/Desktop/paoloapp/failures/Fountainjs-App/scripts/check-performance-budgets.mjs:217
if (failures.length) throw new Error(`Performance budget failed:\n- ${failures.join('\n- ')}`);
                           ^

Error: Performance budget failed:
- 1000-block server HTML p95 145.82 ms exceeds 120 ms
- 5000-block server HTML p95 526.49 ms exceeds 500 ms
- 10000-block server HTML p95 1468.90 ms exceeds 900 ms
- local curve grew 32.71x from 1,000 to 10,000 blocks
    at file:///C:/Users/cappu/Desktop/paoloapp/failures/Fountainjs-App/scripts/check-performance-budgets.mjs:217:28
    at ModuleJob.run (node:internal/modules/esm/module_job:439:25)
    at async node:internal/modules/esm/loader:643:26
    at async asyncRunEntryPointWithESMLoader (node:internal/modules/run_main:101:5)

Node.js v24.19.0
