
 RUN  v5.0.0 C:/Users/cappu/Desktop/paoloapp/failures/Fountainjs-App

 ❯ tests/block-reordering.test.ts (12 tests | 3 failed) 319ms
   ❯ path-based node moves (7)
     × keeps the whole blockquote grabbed across repeated keyboard moves 139ms
     × keeps the whole bullet_list grabbed across repeated keyboard moves 35ms
     × keeps the whole table grabbed across repeated keyboard moves 35ms

⎯⎯⎯⎯⎯⎯⎯ Failed Tests 3 ⎯⎯⎯⎯⎯⎯⎯

 FAIL  tests/block-reordering.test.ts > path-based node moves > keeps the whole blockquote grabbed across repeated keyboard moves
AssertionError: expected '2.0' to be '2' // Object.is equality

Expected: "2"
Received: "2.0"

 ❯ tests/block-reordering.test.ts:47:50
     45|       handle.focus(); key(' '); key('ArrowDown');
     46|       expect(editor.state.doc.child(2).type.name).toBe(block.type);
     47|       expect(controls.dataset.fountainBlockPath).toBe('2');
       |                                                  ^
     48|       expect(view.dom.querySelector('[data-fountain-path="2"]')?.getAt…
     49|       expect(view.dom.querySelector('[data-fountain-path="2.0.0"]')?.h…

⎯⎯⎯⎯⎯⎯⎯⎯⎯⎯⎯⎯⎯⎯⎯⎯⎯⎯⎯⎯⎯⎯⎯⎯[1/3]⎯

 FAIL  tests/block-reordering.test.ts > path-based node moves > keeps the whole bullet_list grabbed across repeated keyboard moves
AssertionError: expected '2.0.0' to be '2' // Object.is equality

Expected: "2"
Received: "2.0.0"

 ❯ tests/block-reordering.test.ts:47:50
     45|       handle.focus(); key(' '); key('ArrowDown');
     46|       expect(editor.state.doc.child(2).type.name).toBe(block.type);
     47|       expect(controls.dataset.fountainBlockPath).toBe('2');
       |                                                  ^
     48|       expect(view.dom.querySelector('[data-fountain-path="2"]')?.getAt…
     49|       expect(view.dom.querySelector('[data-fountain-path="2.0.0"]')?.h…

⎯⎯⎯⎯⎯⎯⎯⎯⎯⎯⎯⎯⎯⎯⎯⎯⎯⎯⎯⎯⎯⎯⎯⎯[2/3]⎯

 FAIL  tests/block-reordering.test.ts > path-based node moves > keeps the whole table grabbed across repeated keyboard moves
AssertionError: expected '2.0.0.0' to be '2' // Object.is equality

Expected: "2"
Received: "2.0.0.0"

 ❯ tests/block-reordering.test.ts:47:50
     45|       handle.focus(); key(' '); key('ArrowDown');
     46|       expect(editor.state.doc.child(2).type.name).toBe(block.type);
     47|       expect(controls.dataset.fountainBlockPath).toBe('2');
       |                                                  ^
     48|       expect(view.dom.querySelector('[data-fountain-path="2"]')?.getAt…
     49|       expect(view.dom.querySelector('[data-fountain-path="2.0.0"]')?.h…

⎯⎯⎯⎯⎯⎯⎯⎯⎯⎯⎯⎯⎯⎯⎯⎯⎯⎯⎯⎯⎯⎯⎯⎯[3/3]⎯


 Test Files  1 failed (1)
      Tests  3 failed | 9 passed (12)
   Start at  01:00:53
   Duration  4.53s (environment 32%, import 31%, transform 30%, tests 7%)

